<?xml version="1.0"?>
<link_info>
   <banner>TI ARM Linker PC v5.2.5</banner>
   <copyright>Copyright (c) 1996-2015 Texas Instruments Incorporated</copyright>
   <link_time>0x599e79a7</link_time>
   <link_errors>0x0</link_errors>
   <output_file>2017_renesas_car.out</output_file>
   <entry_point>
      <name>_c_int00</name>
      <address>0x13c5</address>
   </entry_point>
   <input_file_list>
      <input_file id="fl-2">
         <path>.\</path>
         <kind>object</kind>
         <file>main.obj</file>
         <name>main.obj</name>
      </input_file>
      <input_file id="fl-3">
         <path>.\</path>
         <kind>object</kind>
         <file>tm4c123gh6pm_startup_ccs.obj</file>
         <name>tm4c123gh6pm_startup_ccs.obj</name>
      </input_file>
      <input_file id="fl-4">
         <path>.\components\</path>
         <kind>object</kind>
         <file>GPIO.obj</file>
         <name>GPIO.obj</name>
      </input_file>
      <input_file id="fl-5">
         <path>.\components\</path>
         <kind>object</kind>
         <file>Motor.obj</file>
         <name>Motor.obj</name>
      </input_file>
      <input_file id="fl-6">
         <path>.\components\</path>
         <kind>object</kind>
         <file>PID.obj</file>
         <name>PID.obj</name>
      </input_file>
      <input_file id="fl-7">
         <path>.\components\</path>
         <kind>object</kind>
         <file>Quadrature_Encoder.obj</file>
         <name>Quadrature_Encoder.obj</name>
      </input_file>
      <input_file id="fl-8">
         <path>.\components\</path>
         <kind>object</kind>
         <file>Timer.obj</file>
         <name>Timer.obj</name>
      </input_file>
      <input_file id="fl-9">
         <path>.\utils\</path>
         <kind>object</kind>
         <file>uartstdio.obj</file>
         <name>uartstdio.obj</name>
      </input_file>
      <input_file id="fl-130">
         <path>C:\ti\ccsv6\tools\compiler\ti-cgt-arm_5.2.5\lib\</path>
         <kind>archive</kind>
         <file>rtsv7M4_T_le_v4SPD16_eabi.lib</file>
         <name>boot.obj</name>
      </input_file>
      <input_file id="fl-131">
         <path>C:\ti\ccsv6\tools\compiler\ti-cgt-arm_5.2.5\lib\</path>
         <kind>archive</kind>
         <file>rtsv7M4_T_le_v4SPD16_eabi.lib</file>
         <name>copy_decompress_none.obj</name>
      </input_file>
      <input_file id="fl-132">
         <path>C:\ti\ccsv6\tools\compiler\ti-cgt-arm_5.2.5\lib\</path>
         <kind>archive</kind>
         <file>rtsv7M4_T_le_v4SPD16_eabi.lib</file>
         <name>copy_decompress_rle.obj</name>
      </input_file>
      <input_file id="fl-133">
         <path>C:\ti\ccsv6\tools\compiler\ti-cgt-arm_5.2.5\lib\</path>
         <kind>archive</kind>
         <file>rtsv7M4_T_le_v4SPD16_eabi.lib</file>
         <name>copy_zero_init.obj</name>
      </input_file>
      <input_file id="fl-134">
         <path>C:\ti\ccsv6\tools\compiler\ti-cgt-arm_5.2.5\lib\</path>
         <kind>archive</kind>
         <file>rtsv7M4_T_le_v4SPD16_eabi.lib</file>
         <name>exit.obj</name>
      </input_file>
      <input_file id="fl-135">
         <path>C:\ti\ccsv6\tools\compiler\ti-cgt-arm_5.2.5\lib\</path>
         <kind>archive</kind>
         <file>rtsv7M4_T_le_v4SPD16_eabi.lib</file>
         <name>memcpy_t2.obj</name>
      </input_file>
      <input_file id="fl-136">
         <path>C:\ti\ccsv6\tools\compiler\ti-cgt-arm_5.2.5\lib\</path>
         <kind>archive</kind>
         <file>rtsv7M4_T_le_v4SPD16_eabi.lib</file>
         <name>memset_t2.obj</name>
      </input_file>
      <input_file id="fl-137">
         <path>C:\ti\ccsv6\tools\compiler\ti-cgt-arm_5.2.5\lib\</path>
         <kind>archive</kind>
         <file>rtsv7M4_T_le_v4SPD16_eabi.lib</file>
         <name>pre_init.obj</name>
      </input_file>
      <input_file id="fl-138">
         <path>C:\ti\ccsv6\tools\compiler\ti-cgt-arm_5.2.5\lib\</path>
         <kind>archive</kind>
         <file>rtsv7M4_T_le_v4SPD16_eabi.lib</file>
         <name>stkdepth_vars.obj</name>
      </input_file>
      <input_file id="fl-139">
         <path>C:\ti\ccsv6\tools\compiler\ti-cgt-arm_5.2.5\lib\</path>
         <kind>archive</kind>
         <file>rtsv7M4_T_le_v4SPD16_eabi.lib</file>
         <name>u_divt2.obj</name>
      </input_file>
      <input_file id="fl-13a">
         <path>C:\ti\ccsv6\tools\compiler\ti-cgt-arm_5.2.5\lib\</path>
         <kind>archive</kind>
         <file>rtsv7M4_T_le_v4SPD16_eabi.lib</file>
         <name>_lock.obj</name>
      </input_file>
      <input_file id="fl-13b">
         <path>C:\ti\ccsv6\tools\compiler\ti-cgt-arm_5.2.5\lib\</path>
         <kind>archive</kind>
         <file>rtsv7M4_T_le_v4SPD16_eabi.lib</file>
         <name>args_main.obj</name>
      </input_file>
      <input_file id="fl-13c">
         <path>C:\ti\ccsv6\tools\compiler\ti-cgt-arm_5.2.5\lib\</path>
         <kind>archive</kind>
         <file>rtsv7M4_T_le_v4SPD16_eabi.lib</file>
         <name>autoinit.obj</name>
      </input_file>
      <input_file id="fl-13d">
         <path>C:\ti\ccsv6\tools\compiler\ti-cgt-arm_5.2.5\lib\</path>
         <kind>archive</kind>
         <file>rtsv7M4_T_le_v4SPD16_eabi.lib</file>
         <name>cpy_tbl.obj</name>
      </input_file>
      <input_file id="fl-13e">
         <path>C:\ti\ccsv6\tools\compiler\ti-cgt-arm_5.2.5\lib\</path>
         <kind>archive</kind>
         <file>rtsv7M4_T_le_v4SPD16_eabi.lib</file>
         <name>i_div0.obj</name>
      </input_file>
      <input_file id="fl-13f">
         <path>C:\ti\TivaWare_C_Series-2.1.2.111\driverlib\ccs\Debug\</path>
         <kind>archive</kind>
         <file>driverlib.lib</file>
         <name>gpio.obj</name>
      </input_file>
      <input_file id="fl-140">
         <path>C:\ti\TivaWare_C_Series-2.1.2.111\driverlib\ccs\Debug\</path>
         <kind>archive</kind>
         <file>driverlib.lib</file>
         <name>interrupt.obj</name>
      </input_file>
      <input_file id="fl-141">
         <path>C:\ti\TivaWare_C_Series-2.1.2.111\driverlib\ccs\Debug\</path>
         <kind>archive</kind>
         <file>driverlib.lib</file>
         <name>pwm.obj</name>
      </input_file>
      <input_file id="fl-142">
         <path>C:\ti\TivaWare_C_Series-2.1.2.111\driverlib\ccs\Debug\</path>
         <kind>archive</kind>
         <file>driverlib.lib</file>
         <name>qei.obj</name>
      </input_file>
      <input_file id="fl-143">
         <path>C:\ti\TivaWare_C_Series-2.1.2.111\driverlib\ccs\Debug\</path>
         <kind>archive</kind>
         <file>driverlib.lib</file>
         <name>sysctl.obj</name>
      </input_file>
      <input_file id="fl-144">
         <path>C:\ti\TivaWare_C_Series-2.1.2.111\driverlib\ccs\Debug\</path>
         <kind>archive</kind>
         <file>driverlib.lib</file>
         <name>timer.obj</name>
      </input_file>
      <input_file id="fl-145">
         <path>C:\ti\TivaWare_C_Series-2.1.2.111\driverlib\ccs\Debug\</path>
         <kind>archive</kind>
         <file>driverlib.lib</file>
         <name>uart.obj</name>
      </input_file>
      <input_file id="fl-146">
         <path>C:\ti\TivaWare_C_Series-2.1.2.111\driverlib\ccs\Debug\</path>
         <kind>archive</kind>
         <file>driverlib.lib</file>
         <name>cpu.obj</name>
      </input_file>
   </input_file_list>
   <object_component_list>
      <object_component id="oc-f">
         <name>.intvecs</name>
         <load_address>0x0</load_address>
         <run_address>0x0</run_address>
         <size>0x26c</size>
         <input_file_ref idref="fl-3"/>
      </object_component>
      <object_component id="oc-db">
         <name>.text</name>
         <load_address>0x26c</load_address>
         <run_address>0x26c</run_address>
         <size>0x49c</size>
         <input_file_ref idref="fl-9"/>
      </object_component>
      <object_component id="oc-36">
         <name>.text</name>
         <load_address>0x708</load_address>
         <run_address>0x708</run_address>
         <size>0x2c8</size>
         <input_file_ref idref="fl-6"/>
      </object_component>
      <object_component id="oc-30">
         <name>.text</name>
         <load_address>0x9d0</load_address>
         <run_address>0x9d0</run_address>
         <size>0x2b0</size>
         <input_file_ref idref="fl-7"/>
      </object_component>
      <object_component id="oc-1f1">
         <name>.text</name>
         <load_address>0xc80</load_address>
         <run_address>0xc80</run_address>
         <size>0x154</size>
         <input_file_ref idref="fl-5"/>
      </object_component>
      <object_component id="oc-16c">
         <name>.text:GPIOPadConfigSet</name>
         <load_address>0xdd4</load_address>
         <run_address>0xdd4</run_address>
         <size>0x132</size>
         <input_file_ref idref="fl-13f"/>
      </object_component>
      <object_component id="oc-232">
         <name>.text</name>
         <load_address>0xf06</load_address>
         <run_address>0xf06</run_address>
         <size>0x2</size>
         <input_file_ref idref="fl-13e"/>
      </object_component>
      <object_component id="oc-b1">
         <name>.text:SysCtlClockGet</name>
         <load_address>0xf08</load_address>
         <run_address>0xf08</run_address>
         <size>0x110</size>
         <input_file_ref idref="fl-143"/>
      </object_component>
      <object_component id="oc-1df">
         <name>.text:SysCtlClockSet</name>
         <load_address>0x1018</load_address>
         <run_address>0x1018</run_address>
         <size>0xf4</size>
         <input_file_ref idref="fl-143"/>
      </object_component>
      <object_component id="oc-3f">
         <name>.text</name>
         <load_address>0x110c</load_address>
         <run_address>0x110c</run_address>
         <size>0x9c</size>
         <input_file_ref idref="fl-135"/>
      </object_component>
      <object_component id="oc-58">
         <name>.text</name>
         <load_address>0x11a8</load_address>
         <run_address>0x11a8</run_address>
         <size>0x7a</size>
         <input_file_ref idref="fl-136"/>
      </object_component>
      <object_component id="oc-6a">
         <name>.text</name>
         <load_address>0x1224</load_address>
         <run_address>0x1224</run_address>
         <size>0x6c</size>
         <input_file_ref idref="fl-13c"/>
      </object_component>
      <object_component id="oc-4b">
         <name>.text</name>
         <load_address>0x1290</load_address>
         <run_address>0x1290</run_address>
         <size>0x6a</size>
         <input_file_ref idref="fl-132"/>
      </object_component>
      <object_component id="oc-c9">
         <name>.text:IntEnable</name>
         <load_address>0x12fc</load_address>
         <run_address>0x12fc</run_address>
         <size>0x68</size>
         <input_file_ref idref="fl-140"/>
      </object_component>
      <object_component id="oc-250">
         <name>.text:TimerConfigure</name>
         <load_address>0x1364</load_address>
         <run_address>0x1364</run_address>
         <size>0x60</size>
         <input_file_ref idref="fl-144"/>
      </object_component>
      <object_component id="oc-24">
         <name>.text</name>
         <load_address>0x13c4</load_address>
         <run_address>0x13c4</run_address>
         <size>0x50</size>
         <input_file_ref idref="fl-130"/>
      </object_component>
      <object_component id="oc-143">
         <name>.text</name>
         <load_address>0x1414</load_address>
         <run_address>0x1414</run_address>
         <size>0x4c</size>
         <input_file_ref idref="fl-13d"/>
      </object_component>
      <object_component id="oc-8d">
         <name>.text:GPIOPinConfigure</name>
         <load_address>0x1460</load_address>
         <run_address>0x1460</run_address>
         <size>0x48</size>
         <input_file_ref idref="fl-13f"/>
      </object_component>
      <object_component id="oc-1eb">
         <name>.text</name>
         <load_address>0x14a8</load_address>
         <run_address>0x14a8</run_address>
         <size>0x48</size>
         <input_file_ref idref="fl-8"/>
      </object_component>
      <object_component id="oc-18c">
         <name>.text:UARTConfigSetExpClk</name>
         <load_address>0x14f0</load_address>
         <run_address>0x14f0</run_address>
         <size>0x46</size>
         <input_file_ref idref="fl-145"/>
      </object_component>
      <object_component id="oc-76">
         <name>.text</name>
         <load_address>0x1538</load_address>
         <run_address>0x1538</run_address>
         <size>0x44</size>
         <input_file_ref idref="fl-134"/>
      </object_component>
      <object_component id="oc-1aa">
         <name>.text</name>
         <load_address>0x157c</load_address>
         <run_address>0x157c</run_address>
         <size>0x40</size>
         <input_file_ref idref="fl-139"/>
      </object_component>
      <object_component id="oc-186">
         <name>.text:SysCtlPeripheralPresent</name>
         <load_address>0x15bc</load_address>
         <run_address>0x15bc</run_address>
         <size>0x38</size>
         <input_file_ref idref="fl-143"/>
      </object_component>
      <object_component id="oc-87">
         <name>.text:SysCtlPeripheralReady</name>
         <load_address>0x15f4</load_address>
         <run_address>0x15f4</run_address>
         <size>0x38</size>
         <input_file_ref idref="fl-143"/>
      </object_component>
      <object_component id="oc-81">
         <name>.text:SysCtlPeripheralEnable</name>
         <load_address>0x162c</load_address>
         <run_address>0x162c</run_address>
         <size>0x34</size>
         <input_file_ref idref="fl-143"/>
      </object_component>
      <object_component id="oc-14b">
         <name>.text</name>
         <load_address>0x1660</load_address>
         <run_address>0x1660</run_address>
         <size>0x2c</size>
         <input_file_ref idref="fl-2"/>
      </object_component>
      <object_component id="oc-166">
         <name>.text:GPIODirModeSet</name>
         <load_address>0x168c</load_address>
         <run_address>0x168c</run_address>
         <size>0x2a</size>
         <input_file_ref idref="fl-13f"/>
      </object_component>
      <object_component id="oc-1e5">
         <name>.text</name>
         <load_address>0x16b8</load_address>
         <run_address>0x16b8</run_address>
         <size>0x24</size>
         <input_file_ref idref="fl-4"/>
      </object_component>
      <object_component id="oc-27b">
         <name>.text:PWMGenConfigure</name>
         <load_address>0x16dc</load_address>
         <run_address>0x16dc</run_address>
         <size>0x22</size>
         <input_file_ref idref="fl-141"/>
      </object_component>
      <object_component id="oc-223">
         <name>.text:UARTDisable</name>
         <load_address>0x1700</load_address>
         <run_address>0x1700</run_address>
         <size>0x20</size>
         <input_file_ref idref="fl-145"/>
      </object_component>
      <object_component id="oc-293">
         <name>.text:PWMPulseWidthSet</name>
         <load_address>0x1720</load_address>
         <run_address>0x1720</run_address>
         <size>0x1e</size>
         <input_file_ref idref="fl-141"/>
      </object_component>
      <object_component id="oc-249">
         <name>.text:GPIOPinTypeGPIOOutput</name>
         <load_address>0x173e</load_address>
         <run_address>0x173e</run_address>
         <size>0x18</size>
         <input_file_ref idref="fl-13f"/>
      </object_component>
      <object_component id="oc-70">
         <name>.text</name>
         <load_address>0x1758</load_address>
         <run_address>0x1758</run_address>
         <size>0x18</size>
         <input_file_ref idref="fl-13b"/>
      </object_component>
      <object_component id="oc-26f">
         <name>.text:SysCtlPWMClockSet</name>
         <load_address>0x1770</load_address>
         <run_address>0x1770</run_address>
         <size>0x14</size>
         <input_file_ref idref="fl-143"/>
      </object_component>
      <object_component id="oc-192">
         <name>.text:UARTEnable</name>
         <load_address>0x1784</load_address>
         <run_address>0x1784</run_address>
         <size>0x14</size>
         <input_file_ref idref="fl-145"/>
      </object_component>
      <object_component id="oc-1ff">
         <name>.text</name>
         <load_address>0x1798</load_address>
         <run_address>0x1798</run_address>
         <size>0x14</size>
         <input_file_ref idref="fl-13a"/>
      </object_component>
      <object_component id="oc-275">
         <name>.text:GPIOPinTypePWM</name>
         <load_address>0x17ac</load_address>
         <run_address>0x17ac</run_address>
         <size>0x12</size>
         <input_file_ref idref="fl-13f"/>
      </object_component>
      <object_component id="oc-93">
         <name>.text:GPIOPinTypeQEI</name>
         <load_address>0x17be</load_address>
         <run_address>0x17be</run_address>
         <size>0x12</size>
         <input_file_ref idref="fl-13f"/>
      </object_component>
      <object_component id="oc-ed">
         <name>.text:GPIOPinTypeUART</name>
         <load_address>0x17d0</load_address>
         <run_address>0x17d0</run_address>
         <size>0x12</size>
         <input_file_ref idref="fl-13f"/>
      </object_component>
      <object_component id="oc-28d">
         <name>.text:PWMOutputState</name>
         <load_address>0x17e2</load_address>
         <run_address>0x17e2</run_address>
         <size>0x12</size>
         <input_file_ref idref="fl-141"/>
      </object_component>
      <object_component id="oc-256">
         <name>.text:TimerLoadSet</name>
         <load_address>0x17f4</load_address>
         <run_address>0x17f4</run_address>
         <size>0x12</size>
         <input_file_ref idref="fl-144"/>
      </object_component>
      <object_component id="oc-25c">
         <name>.text:IntMasterEnable</name>
         <load_address>0x1806</load_address>
         <run_address>0x1806</run_address>
         <size>0x10</size>
         <input_file_ref idref="fl-140"/>
      </object_component>
      <object_component id="oc-281">
         <name>.text:PWMGenPeriodSet</name>
         <load_address>0x1816</load_address>
         <run_address>0x1816</run_address>
         <size>0x10</size>
         <input_file_ref idref="fl-141"/>
      </object_component>
      <object_component id="oc-b7">
         <name>.text:QEIVelocityConfigure</name>
         <load_address>0x1826</load_address>
         <run_address>0x1826</run_address>
         <size>0x10</size>
         <input_file_ref idref="fl-142"/>
      </object_component>
      <object_component id="oc-99">
         <name>.text:QEIConfigure</name>
         <load_address>0x1836</load_address>
         <run_address>0x1836</run_address>
         <size>0xe</size>
         <input_file_ref idref="fl-142"/>
      </object_component>
      <object_component id="oc-e7">
         <name>.text:QEIDirectionGet</name>
         <load_address>0x1844</load_address>
         <run_address>0x1844</run_address>
         <size>0xe</size>
         <input_file_ref idref="fl-142"/>
      </object_component>
      <object_component id="oc-268">
         <name>.text:TimerEnable</name>
         <load_address>0x1852</load_address>
         <run_address>0x1852</run_address>
         <size>0xe</size>
         <input_file_ref idref="fl-144"/>
      </object_component>
      <object_component id="oc-12">
         <name>.text:decompress:none</name>
         <load_address>0x1860</load_address>
         <run_address>0x1860</run_address>
         <size>0xe</size>
         <input_file_ref idref="fl-131"/>
      </object_component>
      <object_component id="oc-2a4">
         <name>.text:CPUcpsie</name>
         <load_address>0x186e</load_address>
         <run_address>0x186e</run_address>
         <size>0xc</size>
         <input_file_ref idref="fl-146"/>
      </object_component>
      <object_component id="oc-287">
         <name>.text:PWMGenEnable</name>
         <load_address>0x187a</load_address>
         <run_address>0x187a</run_address>
         <size>0xc</size>
         <input_file_ref idref="fl-141"/>
      </object_component>
      <object_component id="oc-a5">
         <name>.text:QEIFilterConfigure</name>
         <load_address>0x1886</load_address>
         <run_address>0x1886</run_address>
         <size>0xc</size>
         <input_file_ref idref="fl-142"/>
      </object_component>
      <object_component id="oc-1e">
         <name>.text:decompress:ZI</name>
         <load_address>0x1892</load_address>
         <run_address>0x1892</run_address>
         <size>0xc</size>
         <input_file_ref idref="fl-133"/>
      </object_component>
      <object_component id="oc-2a">
         <name>.text</name>
         <load_address>0x189e</load_address>
         <run_address>0x189e</run_address>
         <size>0xc</size>
         <input_file_ref idref="fl-3"/>
      </object_component>
      <object_component id="oc-9f">
         <name>.text:QEIEnable</name>
         <load_address>0x18aa</load_address>
         <run_address>0x18aa</run_address>
         <size>0xa</size>
         <input_file_ref idref="fl-142"/>
      </object_component>
      <object_component id="oc-ab">
         <name>.text:QEIFilterEnable</name>
         <load_address>0x18b4</load_address>
         <run_address>0x18b4</run_address>
         <size>0xa</size>
         <input_file_ref idref="fl-142"/>
      </object_component>
      <object_component id="oc-cf">
         <name>.text:QEIIntStatus</name>
         <load_address>0x18be</load_address>
         <run_address>0x18be</run_address>
         <size>0xa</size>
         <input_file_ref idref="fl-142"/>
      </object_component>
      <object_component id="oc-bd">
         <name>.text:QEIVelocityEnable</name>
         <load_address>0x18c8</load_address>
         <run_address>0x18c8</run_address>
         <size>0xa</size>
         <input_file_ref idref="fl-142"/>
      </object_component>
      <object_component id="oc-19e">
         <name>.text:UARTCharGet</name>
         <load_address>0x18d2</load_address>
         <run_address>0x18d2</run_address>
         <size>0xa</size>
         <input_file_ref idref="fl-145"/>
      </object_component>
      <object_component id="oc-198">
         <name>.text:UARTCharPut</name>
         <load_address>0x18dc</load_address>
         <run_address>0x18dc</run_address>
         <size>0xa</size>
         <input_file_ref idref="fl-145"/>
      </object_component>
      <object_component id="oc-c3">
         <name>.text:QEIIntEnable</name>
         <load_address>0x18e6</load_address>
         <run_address>0x18e6</run_address>
         <size>0x8</size>
         <input_file_ref idref="fl-142"/>
      </object_component>
      <object_component id="oc-262">
         <name>.text:TimerIntEnable</name>
         <load_address>0x18ee</load_address>
         <run_address>0x18ee</run_address>
         <size>0x8</size>
         <input_file_ref idref="fl-144"/>
      </object_component>
      <object_component id="oc-f9">
         <name>.text:UARTIntEnable</name>
         <load_address>0x18f6</load_address>
         <run_address>0x18f6</run_address>
         <size>0x8</size>
         <input_file_ref idref="fl-145"/>
      </object_component>
      <object_component id="oc-114">
         <name>.text:GPIOPinWrite</name>
         <load_address>0x18fe</load_address>
         <run_address>0x18fe</run_address>
         <size>0x6</size>
         <input_file_ref idref="fl-13f"/>
      </object_component>
      <object_component id="oc-247">
         <name>.text:SysCtlDelay</name>
         <load_address>0x1904</load_address>
         <run_address>0x1904</run_address>
         <size>0x6</size>
         <input_file_ref idref="fl-143"/>
      </object_component>
      <object_component id="oc-f3">
         <name>.text:UARTClockSourceSet</name>
         <load_address>0x190a</load_address>
         <run_address>0x190a</run_address>
         <size>0x6</size>
         <input_file_ref idref="fl-145"/>
      </object_component>
      <object_component id="oc-18">
         <name>.text:decompress:rle24</name>
         <load_address>0x1910</load_address>
         <run_address>0x1910</run_address>
         <size>0x6</size>
         <input_file_ref idref="fl-132"/>
      </object_component>
      <object_component id="oc-d5">
         <name>.text:QEIIntClear</name>
         <load_address>0x1916</load_address>
         <run_address>0x1916</run_address>
         <size>0x4</size>
         <input_file_ref idref="fl-142"/>
      </object_component>
      <object_component id="oc-e1">
         <name>.text:QEIVelocityGet</name>
         <load_address>0x191a</load_address>
         <run_address>0x191a</run_address>
         <size>0x4</size>
         <input_file_ref idref="fl-142"/>
      </object_component>
      <object_component id="oc-10e">
         <name>.text:TimerIntClear</name>
         <load_address>0x191e</load_address>
         <run_address>0x191e</run_address>
         <size>0x4</size>
         <input_file_ref idref="fl-144"/>
      </object_component>
      <object_component id="oc-64">
         <name>.text</name>
         <load_address>0x1922</load_address>
         <run_address>0x1922</run_address>
         <size>0x4</size>
         <input_file_ref idref="fl-137"/>
      </object_component>
      <object_component id="oc-161">
         <name>.const:g_pui32GPIOBaseAddrs</name>
         <load_address>0x1928</load_address>
         <run_address>0x1928</run_address>
         <size>0x90</size>
         <input_file_ref idref="fl-13f"/>
      </object_component>
      <object_component id="oc-17f">
         <name>.const</name>
         <load_address>0x19b8</load_address>
         <run_address>0x19b8</run_address>
         <size>0x70</size>
         <input_file_ref idref="fl-140"/>
      </object_component>
      <object_component id="oc-178">
         <name>.const:g_pui32Xtals</name>
         <load_address>0x1a28</load_address>
         <run_address>0x1a28</run_address>
         <size>0x6c</size>
         <input_file_ref idref="fl-143"/>
      </object_component>
      <object_component id="oc-1a4">
         <name>.const</name>
         <load_address>0x1a94</load_address>
         <run_address>0x1a94</run_address>
         <size>0x1c</size>
         <input_file_ref idref="fl-9"/>
      </object_component>
      <object_component id="oc-22d">
         <name>.const:.string</name>
         <load_address>0x1ab0</load_address>
         <run_address>0x1ab0</run_address>
         <size>0x12</size>
         <input_file_ref idref="fl-9"/>
      </object_component>
      <object_component id="oc-2db">
         <name>.cinit..data.load</name>
         <load_address>0x1ac8</load_address>
         <run_address>0x1ac8</run_address>
         <size>0x5e</size>
      </object_component>
      <object_component id="oc-2d9">
         <name>__TI_handler_table</name>
         <load_address>0x1b28</load_address>
         <run_address>0x1b28</run_address>
         <size>0xc</size>
      </object_component>
      <object_component id="oc-2dc">
         <name>.cinit..bss.load</name>
         <load_address>0x1b38</load_address>
         <run_address>0x1b38</run_address>
         <size>0x8</size>
      </object_component>
      <object_component id="oc-2da">
         <name>__TI_cinit_table</name>
         <load_address>0x1b40</load_address>
         <run_address>0x1b40</run_address>
         <size>0x10</size>
      </object_component>
      <object_component id="oc-29">
         <name>.stack</name>
         <uninitialized>true</uninitialized>
         <run_address>0x20000000</run_address>
         <size>0x0</size>
         <input_file_ref idref="fl-130"/>
      </object_component>
      <object_component id="oc-2dd">
         <name>.stack</name>
         <uninitialized>true</uninitialized>
         <run_address>0x20000000</run_address>
         <size>0x0</size>
      </object_component>
      <object_component id="oc-11d">
         <name>.common:PID_Left_Motor</name>
         <uninitialized>true</uninitialized>
         <run_address>0x2000027c</run_address>
         <size>0x1c</size>
      </object_component>
      <object_component id="oc-11e">
         <name>.common:PID_Left_Motor_Cfg</name>
         <uninitialized>true</uninitialized>
         <run_address>0x20000298</run_address>
         <size>0x1c</size>
      </object_component>
      <object_component id="oc-11a">
         <name>.common:Dest_Motor_Vel</name>
         <uninitialized>true</uninitialized>
         <run_address>0x200002b4</run_address>
         <size>0x8</size>
      </object_component>
      <object_component id="oc-11f">
         <name>.data</name>
         <load_address>0x20000268</load_address>
         <run_address>0x20000268</run_address>
         <size>0x6</size>
         <input_file_ref idref="fl-6"/>
      </object_component>
      <object_component id="oc-ff">
         <name>.data:qei_data_array</name>
         <load_address>0x20000200</load_address>
         <run_address>0x20000200</run_address>
         <size>0x58</size>
         <input_file_ref idref="fl-7"/>
      </object_component>
      <object_component id="oc-1a7">
         <name>.data</name>
         <load_address>0x20000270</load_address>
         <run_address>0x20000270</run_address>
         <size>0x5</size>
         <input_file_ref idref="fl-9"/>
      </object_component>
      <object_component id="oc-156">
         <name>.data</name>
         <load_address>0x20000260</load_address>
         <run_address>0x20000260</run_address>
         <size>0x8</size>
         <input_file_ref idref="fl-134"/>
      </object_component>
      <object_component id="oc-7c">
         <name>.data</name>
         <load_address>0x20000278</load_address>
         <run_address>0x20000278</run_address>
         <size>0x4</size>
         <input_file_ref idref="fl-138"/>
      </object_component>
      <object_component id="oc-153">
         <name>.data</name>
         <load_address>0x20000258</load_address>
         <run_address>0x20000258</run_address>
         <size>0x8</size>
         <input_file_ref idref="fl-13a"/>
      </object_component>
      <object_component id="oc-23b">
         <name>.debug_info</name>
         <load_address>0x0</load_address>
         <run_address>0x0</run_address>
         <size>0x1c8</size>
         <input_file_ref idref="fl-2"/>
      </object_component>
      <object_component id="oc-14c">
         <name>.debug_info</name>
         <load_address>0x1c8</load_address>
         <run_address>0x1c8</run_address>
         <size>0x179</size>
         <input_file_ref idref="fl-2"/>
      </object_component>
      <object_component id="oc-109">
         <name>.debug_info</name>
         <load_address>0x341</load_address>
         <run_address>0x341</run_address>
         <size>0x48</size>
         <input_file_ref idref="fl-2"/>
      </object_component>
      <object_component id="oc-1ca">
         <name>.debug_info</name>
         <load_address>0x389</load_address>
         <run_address>0x389</run_address>
         <size>0x1a4</size>
         <input_file_ref idref="fl-2"/>
      </object_component>
      <object_component id="oc-12a">
         <name>.debug_info</name>
         <load_address>0x52d</load_address>
         <run_address>0x52d</run_address>
         <size>0x84</size>
         <input_file_ref idref="fl-2"/>
      </object_component>
      <object_component id="oc-104">
         <name>.debug_info</name>
         <load_address>0x5b1</load_address>
         <run_address>0x5b1</run_address>
         <size>0x18b</size>
         <input_file_ref idref="fl-2"/>
      </object_component>
      <object_component id="oc-13a">
         <name>.debug_info</name>
         <load_address>0x73c</load_address>
         <run_address>0x73c</run_address>
         <size>0x2c</size>
         <input_file_ref idref="fl-2"/>
      </object_component>
      <object_component id="oc-1b1">
         <name>.debug_info</name>
         <load_address>0x768</load_address>
         <run_address>0x768</run_address>
         <size>0x4e</size>
         <input_file_ref idref="fl-2"/>
      </object_component>
      <object_component id="oc-3e">
         <name>.debug_info</name>
         <load_address>0x7b6</load_address>
         <run_address>0x7b6</run_address>
         <size>0x17c</size>
         <input_file_ref idref="fl-3"/>
      </object_component>
      <object_component id="oc-10">
         <name>.debug_info</name>
         <load_address>0x932</load_address>
         <run_address>0x932</run_address>
         <size>0xe9</size>
         <input_file_ref idref="fl-3"/>
      </object_component>
      <object_component id="oc-2c">
         <name>.debug_info</name>
         <load_address>0xa1b</load_address>
         <run_address>0xa1b</run_address>
         <size>0x265</size>
         <input_file_ref idref="fl-3"/>
      </object_component>
      <object_component id="oc-1e8">
         <name>.debug_info</name>
         <load_address>0xc80</load_address>
         <run_address>0xc80</run_address>
         <size>0x166</size>
         <input_file_ref idref="fl-4"/>
      </object_component>
      <object_component id="oc-1f2">
         <name>.debug_info</name>
         <load_address>0xde6</load_address>
         <run_address>0xde6</run_address>
         <size>0x470</size>
         <input_file_ref idref="fl-5"/>
      </object_component>
      <object_component id="oc-123">
         <name>.debug_info</name>
         <load_address>0x1256</load_address>
         <run_address>0x1256</run_address>
         <size>0x8b</size>
         <input_file_ref idref="fl-5"/>
      </object_component>
      <object_component id="oc-11b">
         <name>.debug_info</name>
         <load_address>0x12e1</load_address>
         <run_address>0x12e1</run_address>
         <size>0x21d</size>
         <input_file_ref idref="fl-6"/>
      </object_component>
      <object_component id="oc-120">
         <name>.debug_info</name>
         <load_address>0x14fe</load_address>
         <run_address>0x14fe</run_address>
         <size>0x137</size>
         <input_file_ref idref="fl-6"/>
      </object_component>
      <object_component id="oc-38">
         <name>.debug_info</name>
         <load_address>0x1635</load_address>
         <run_address>0x1635</run_address>
         <size>0x2cc</size>
         <input_file_ref idref="fl-6"/>
      </object_component>
      <object_component id="oc-103">
         <name>.debug_info</name>
         <load_address>0x1901</load_address>
         <run_address>0x1901</run_address>
         <size>0x554</size>
         <input_file_ref idref="fl-7"/>
      </object_component>
      <object_component id="oc-100">
         <name>.debug_info</name>
         <load_address>0x1e55</load_address>
         <run_address>0x1e55</run_address>
         <size>0xf2</size>
         <input_file_ref idref="fl-7"/>
      </object_component>
      <object_component id="oc-31">
         <name>.debug_info</name>
         <load_address>0x1f47</load_address>
         <run_address>0x1f47</run_address>
         <size>0x76c</size>
         <input_file_ref idref="fl-7"/>
      </object_component>
      <object_component id="oc-1c0">
         <name>.debug_info</name>
         <load_address>0x26b3</load_address>
         <run_address>0x26b3</run_address>
         <size>0x112</size>
         <input_file_ref idref="fl-7"/>
      </object_component>
      <object_component id="oc-1ec">
         <name>.debug_info</name>
         <load_address>0x27c5</load_address>
         <run_address>0x27c5</run_address>
         <size>0x1ca</size>
         <input_file_ref idref="fl-8"/>
      </object_component>
      <object_component id="oc-1b0">
         <name>.debug_info</name>
         <load_address>0x298f</load_address>
         <run_address>0x298f</run_address>
         <size>0x23e</size>
         <input_file_ref idref="fl-9"/>
      </object_component>
      <object_component id="oc-1a8">
         <name>.debug_info</name>
         <load_address>0x2bcd</load_address>
         <run_address>0x2bcd</run_address>
         <size>0xdb</size>
         <input_file_ref idref="fl-9"/>
      </object_component>
      <object_component id="oc-1a5">
         <name>.debug_info</name>
         <load_address>0x2ca8</load_address>
         <run_address>0x2ca8</run_address>
         <size>0x131</size>
         <input_file_ref idref="fl-9"/>
      </object_component>
      <object_component id="oc-dc">
         <name>.debug_info</name>
         <load_address>0x2dd9</load_address>
         <run_address>0x2dd9</run_address>
         <size>0x7cc</size>
         <input_file_ref idref="fl-9"/>
      </object_component>
      <object_component id="oc-27">
         <name>.debug_info</name>
         <load_address>0x35a5</load_address>
         <run_address>0x35a5</run_address>
         <size>0x134</size>
         <input_file_ref idref="fl-130"/>
      </object_component>
      <object_component id="oc-4a">
         <name>.debug_info</name>
         <load_address>0x36d9</load_address>
         <run_address>0x36d9</run_address>
         <size>0x121</size>
         <input_file_ref idref="fl-131"/>
      </object_component>
      <object_component id="oc-13">
         <name>.debug_info</name>
         <load_address>0x37fa</load_address>
         <run_address>0x37fa</run_address>
         <size>0x1c0</size>
         <input_file_ref idref="fl-131"/>
      </object_component>
      <object_component id="oc-45">
         <name>.debug_info</name>
         <load_address>0x39ba</load_address>
         <run_address>0x39ba</run_address>
         <size>0x46</size>
         <input_file_ref idref="fl-131"/>
      </object_component>
      <object_component id="oc-130">
         <name>.debug_info</name>
         <load_address>0x3a00</load_address>
         <run_address>0x3a00</run_address>
         <size>0x2c</size>
         <input_file_ref idref="fl-131"/>
      </object_component>
      <object_component id="oc-52">
         <name>.debug_info</name>
         <load_address>0x3a2c</load_address>
         <run_address>0x3a2c</run_address>
         <size>0x115</size>
         <input_file_ref idref="fl-132"/>
      </object_component>
      <object_component id="oc-4f">
         <name>.debug_info</name>
         <load_address>0x3b41</load_address>
         <run_address>0x3b41</run_address>
         <size>0x228</size>
         <input_file_ref idref="fl-132"/>
      </object_component>
      <object_component id="oc-1c">
         <name>.debug_info</name>
         <load_address>0x3d69</load_address>
         <run_address>0x3d69</run_address>
         <size>0x192</size>
         <input_file_ref idref="fl-132"/>
      </object_component>
      <object_component id="oc-53">
         <name>.debug_info</name>
         <load_address>0x3efb</load_address>
         <run_address>0x3efb</run_address>
         <size>0x39</size>
         <input_file_ref idref="fl-132"/>
      </object_component>
      <object_component id="oc-63">
         <name>.debug_info</name>
         <load_address>0x3f34</load_address>
         <run_address>0x3f34</run_address>
         <size>0x110</size>
         <input_file_ref idref="fl-133"/>
      </object_component>
      <object_component id="oc-21">
         <name>.debug_info</name>
         <load_address>0x4044</load_address>
         <run_address>0x4044</run_address>
         <size>0x18b</size>
         <input_file_ref idref="fl-133"/>
      </object_component>
      <object_component id="oc-5e">
         <name>.debug_info</name>
         <load_address>0x41cf</load_address>
         <run_address>0x41cf</run_address>
         <size>0x46</size>
         <input_file_ref idref="fl-133"/>
      </object_component>
      <object_component id="oc-15a">
         <name>.debug_info</name>
         <load_address>0x4215</load_address>
         <run_address>0x4215</run_address>
         <size>0x172</size>
         <input_file_ref idref="fl-134"/>
      </object_component>
      <object_component id="oc-157">
         <name>.debug_info</name>
         <load_address>0x4387</load_address>
         <run_address>0x4387</run_address>
         <size>0x117</size>
         <input_file_ref idref="fl-134"/>
      </object_component>
      <object_component id="oc-77">
         <name>.debug_info</name>
         <load_address>0x449e</load_address>
         <run_address>0x449e</run_address>
         <size>0x1ee</size>
         <input_file_ref idref="fl-134"/>
      </object_component>
      <object_component id="oc-42">
         <name>.debug_info</name>
         <load_address>0x468c</load_address>
         <run_address>0x468c</run_address>
         <size>0xf6</size>
         <input_file_ref idref="fl-135"/>
      </object_component>
      <object_component id="oc-59">
         <name>.debug_info</name>
         <load_address>0x4782</load_address>
         <run_address>0x4782</run_address>
         <size>0x124</size>
         <input_file_ref idref="fl-136"/>
      </object_component>
      <object_component id="oc-68">
         <name>.debug_info</name>
         <load_address>0x48a6</load_address>
         <run_address>0x48a6</run_address>
         <size>0x129</size>
         <input_file_ref idref="fl-137"/>
      </object_component>
      <object_component id="oc-7d">
         <name>.debug_info</name>
         <load_address>0x49cf</load_address>
         <run_address>0x49cf</run_address>
         <size>0xea</size>
         <input_file_ref idref="fl-138"/>
      </object_component>
      <object_component id="oc-1ab">
         <name>.debug_info</name>
         <load_address>0x4ab9</load_address>
         <run_address>0x4ab9</run_address>
         <size>0x11f</size>
         <input_file_ref idref="fl-139"/>
      </object_component>
      <object_component id="oc-207">
         <name>.debug_info</name>
         <load_address>0x4bd8</load_address>
         <run_address>0x4bd8</run_address>
         <size>0x105</size>
         <input_file_ref idref="fl-13a"/>
      </object_component>
      <object_component id="oc-154">
         <name>.debug_info</name>
         <load_address>0x4cdd</load_address>
         <run_address>0x4cdd</run_address>
         <size>0xf4</size>
         <input_file_ref idref="fl-13a"/>
      </object_component>
      <object_component id="oc-202">
         <name>.debug_info</name>
         <load_address>0x4dd1</load_address>
         <run_address>0x4dd1</run_address>
         <size>0x200</size>
         <input_file_ref idref="fl-13a"/>
      </object_component>
      <object_component id="oc-152">
         <name>.debug_info</name>
         <load_address>0x4fd1</load_address>
         <run_address>0x4fd1</run_address>
         <size>0x147</size>
         <input_file_ref idref="fl-13b"/>
      </object_component>
      <object_component id="oc-74">
         <name>.debug_info</name>
         <load_address>0x5118</load_address>
         <run_address>0x5118</run_address>
         <size>0x148</size>
         <input_file_ref idref="fl-13b"/>
      </object_component>
      <object_component id="oc-1fa">
         <name>.debug_info</name>
         <load_address>0x5260</load_address>
         <run_address>0x5260</run_address>
         <size>0x5e</size>
         <input_file_ref idref="fl-13b"/>
      </object_component>
      <object_component id="oc-14a">
         <name>.debug_info</name>
         <load_address>0x52be</load_address>
         <run_address>0x52be</run_address>
         <size>0x29e</size>
         <input_file_ref idref="fl-13c"/>
      </object_component>
      <object_component id="oc-6b">
         <name>.debug_info</name>
         <load_address>0x555c</load_address>
         <run_address>0x555c</run_address>
         <size>0x158</size>
         <input_file_ref idref="fl-13c"/>
      </object_component>
      <object_component id="oc-1d5">
         <name>.debug_info</name>
         <load_address>0x56b4</load_address>
         <run_address>0x56b4</run_address>
         <size>0x39</size>
         <input_file_ref idref="fl-13c"/>
      </object_component>
      <object_component id="oc-1da">
         <name>.debug_info</name>
         <load_address>0x56ed</load_address>
         <run_address>0x56ed</run_address>
         <size>0xcd</size>
         <input_file_ref idref="fl-13c"/>
      </object_component>
      <object_component id="oc-1d2">
         <name>.debug_info</name>
         <load_address>0x57ba</load_address>
         <run_address>0x57ba</run_address>
         <size>0x1c1</size>
         <input_file_ref idref="fl-13d"/>
      </object_component>
      <object_component id="oc-145">
         <name>.debug_info</name>
         <load_address>0x597b</load_address>
         <run_address>0x597b</run_address>
         <size>0x164</size>
         <input_file_ref idref="fl-13d"/>
      </object_component>
      <object_component id="oc-242">
         <name>.debug_info</name>
         <load_address>0x5adf</load_address>
         <run_address>0x5adf</run_address>
         <size>0x2c</size>
         <input_file_ref idref="fl-13d"/>
      </object_component>
      <object_component id="oc-235">
         <name>.debug_info</name>
         <load_address>0x5b0b</load_address>
         <run_address>0x5b0b</run_address>
         <size>0x128</size>
         <input_file_ref idref="fl-13e"/>
      </object_component>
      <object_component id="oc-165">
         <name>.debug_info</name>
         <load_address>0x5c33</load_address>
         <run_address>0x5c33</run_address>
         <size>0x230</size>
         <input_file_ref idref="fl-13f"/>
      </object_component>
      <object_component id="oc-162">
         <name>.debug_info</name>
         <load_address>0x5e63</load_address>
         <run_address>0x5e63</run_address>
         <size>0x15b</size>
         <input_file_ref idref="fl-13f"/>
      </object_component>
      <object_component id="oc-115">
         <name>.debug_info</name>
         <load_address>0x5fbe</load_address>
         <run_address>0x5fbe</run_address>
         <size>0x2a3</size>
         <input_file_ref idref="fl-13f"/>
      </object_component>
      <object_component id="oc-167">
         <name>.debug_info</name>
         <load_address>0x6261</load_address>
         <run_address>0x6261</run_address>
         <size>0x2b3</size>
         <input_file_ref idref="fl-13f"/>
      </object_component>
      <object_component id="oc-16d">
         <name>.debug_info</name>
         <load_address>0x6514</load_address>
         <run_address>0x6514</run_address>
         <size>0x316</size>
         <input_file_ref idref="fl-13f"/>
      </object_component>
      <object_component id="oc-ee">
         <name>.debug_info</name>
         <load_address>0x682a</load_address>
         <run_address>0x682a</run_address>
         <size>0x27b</size>
         <input_file_ref idref="fl-13f"/>
      </object_component>
      <object_component id="oc-95">
         <name>.debug_info</name>
         <load_address>0x6aa5</load_address>
         <run_address>0x6aa5</run_address>
         <size>0x279</size>
         <input_file_ref idref="fl-13f"/>
      </object_component>
      <object_component id="oc-277">
         <name>.debug_info</name>
         <load_address>0x6d1e</load_address>
         <run_address>0x6d1e</run_address>
         <size>0x279</size>
         <input_file_ref idref="fl-13f"/>
      </object_component>
      <object_component id="oc-24a">
         <name>.debug_info</name>
         <load_address>0x6f97</load_address>
         <run_address>0x6f97</run_address>
         <size>0x2b7</size>
         <input_file_ref idref="fl-13f"/>
      </object_component>
      <object_component id="oc-8e">
         <name>.debug_info</name>
         <load_address>0x724e</load_address>
         <run_address>0x724e</run_address>
         <size>0x280</size>
         <input_file_ref idref="fl-13f"/>
      </object_component>
      <object_component id="oc-183">
         <name>.debug_info</name>
         <load_address>0x74ce</load_address>
         <run_address>0x74ce</run_address>
         <size>0x20e</size>
         <input_file_ref idref="fl-140"/>
      </object_component>
      <object_component id="oc-180">
         <name>.debug_info</name>
         <load_address>0x76dc</load_address>
         <run_address>0x76dc</run_address>
         <size>0x210</size>
         <input_file_ref idref="fl-140"/>
      </object_component>
      <object_component id="oc-25e">
         <name>.debug_info</name>
         <load_address>0x78ec</load_address>
         <run_address>0x78ec</run_address>
         <size>0x23e</size>
         <input_file_ref idref="fl-140"/>
      </object_component>
      <object_component id="oc-cb">
         <name>.debug_info</name>
         <load_address>0x7b2a</load_address>
         <run_address>0x7b2a</run_address>
         <size>0x268</size>
         <input_file_ref idref="fl-140"/>
      </object_component>
      <object_component id="oc-2b0">
         <name>.debug_info</name>
         <load_address>0x7d92</load_address>
         <run_address>0x7d92</run_address>
         <size>0x1ed</size>
         <input_file_ref idref="fl-141"/>
      </object_component>
      <object_component id="oc-294">
         <name>.debug_info</name>
         <load_address>0x7f7f</load_address>
         <run_address>0x7f7f</run_address>
         <size>0x2f6</size>
         <input_file_ref idref="fl-141"/>
      </object_component>
      <object_component id="oc-28e">
         <name>.debug_info</name>
         <load_address>0x8275</load_address>
         <run_address>0x8275</run_address>
         <size>0x2c4</size>
         <input_file_ref idref="fl-141"/>
      </object_component>
      <object_component id="oc-282">
         <name>.debug_info</name>
         <load_address>0x8539</load_address>
         <run_address>0x8539</run_address>
         <size>0x2b6</size>
         <input_file_ref idref="fl-141"/>
      </object_component>
      <object_component id="oc-288">
         <name>.debug_info</name>
         <load_address>0x87ef</load_address>
         <run_address>0x87ef</run_address>
         <size>0x276</size>
         <input_file_ref idref="fl-141"/>
      </object_component>
      <object_component id="oc-27c">
         <name>.debug_info</name>
         <load_address>0x8a65</load_address>
         <run_address>0x8a65</run_address>
         <size>0x2b3</size>
         <input_file_ref idref="fl-141"/>
      </object_component>
      <object_component id="oc-174">
         <name>.debug_info</name>
         <load_address>0x8d18</load_address>
         <run_address>0x8d18</run_address>
         <size>0x1e8</size>
         <input_file_ref idref="fl-142"/>
      </object_component>
      <object_component id="oc-e3">
         <name>.debug_info</name>
         <load_address>0x8f00</load_address>
         <run_address>0x8f00</run_address>
         <size>0x250</size>
         <input_file_ref idref="fl-142"/>
      </object_component>
      <object_component id="oc-be">
         <name>.debug_info</name>
         <load_address>0x9150</load_address>
         <run_address>0x9150</run_address>
         <size>0x252</size>
         <input_file_ref idref="fl-142"/>
      </object_component>
      <object_component id="oc-b8">
         <name>.debug_info</name>
         <load_address>0x93a2</load_address>
         <run_address>0x93a2</run_address>
         <size>0x2cc</size>
         <input_file_ref idref="fl-142"/>
      </object_component>
      <object_component id="oc-d0">
         <name>.debug_info</name>
         <load_address>0x966e</load_address>
         <run_address>0x966e</run_address>
         <size>0x27a</size>
         <input_file_ref idref="fl-142"/>
      </object_component>
      <object_component id="oc-c4">
         <name>.debug_info</name>
         <load_address>0x98e8</load_address>
         <run_address>0x98e8</run_address>
         <size>0x28a</size>
         <input_file_ref idref="fl-142"/>
      </object_component>
      <object_component id="oc-d6">
         <name>.debug_info</name>
         <load_address>0x9b72</load_address>
         <run_address>0x9b72</run_address>
         <size>0x288</size>
         <input_file_ref idref="fl-142"/>
      </object_component>
      <object_component id="oc-ac">
         <name>.debug_info</name>
         <load_address>0x9dfa</load_address>
         <run_address>0x9dfa</run_address>
         <size>0x24e</size>
         <input_file_ref idref="fl-142"/>
      </object_component>
      <object_component id="oc-a6">
         <name>.debug_info</name>
         <load_address>0xa048</load_address>
         <run_address>0xa048</run_address>
         <size>0x292</size>
         <input_file_ref idref="fl-142"/>
      </object_component>
      <object_component id="oc-a0">
         <name>.debug_info</name>
         <load_address>0xa2da</load_address>
         <run_address>0xa2da</run_address>
         <size>0x23f</size>
         <input_file_ref idref="fl-142"/>
      </object_component>
      <object_component id="oc-e9">
         <name>.debug_info</name>
         <load_address>0xa519</load_address>
         <run_address>0xa519</run_address>
         <size>0x24f</size>
         <input_file_ref idref="fl-142"/>
      </object_component>
      <object_component id="oc-9b">
         <name>.debug_info</name>
         <load_address>0xa768</load_address>
         <run_address>0xa768</run_address>
         <size>0x2cd</size>
         <input_file_ref idref="fl-142"/>
      </object_component>
      <object_component id="oc-15f">
         <name>.debug_info</name>
         <load_address>0xaa35</load_address>
         <run_address>0xaa35</run_address>
         <size>0x27f</size>
         <input_file_ref idref="fl-143"/>
      </object_component>
      <object_component id="oc-179">
         <name>.debug_info</name>
         <load_address>0xacb4</load_address>
         <run_address>0xacb4</run_address>
         <size>0x14d</size>
         <input_file_ref idref="fl-143"/>
      </object_component>
      <object_component id="oc-89">
         <name>.debug_info</name>
         <load_address>0xae01</load_address>
         <run_address>0xae01</run_address>
         <size>0x27f</size>
         <input_file_ref idref="fl-143"/>
      </object_component>
      <object_component id="oc-188">
         <name>.debug_info</name>
         <load_address>0xb080</load_address>
         <run_address>0xb080</run_address>
         <size>0x283</size>
         <input_file_ref idref="fl-143"/>
      </object_component>
      <object_component id="oc-83">
         <name>.debug_info</name>
         <load_address>0xb303</load_address>
         <run_address>0xb303</run_address>
         <size>0x27d</size>
         <input_file_ref idref="fl-143"/>
      </object_component>
      <object_component id="oc-271">
         <name>.debug_info</name>
         <load_address>0xb580</load_address>
         <run_address>0xb580</run_address>
         <size>0x263</size>
         <input_file_ref idref="fl-143"/>
      </object_component>
      <object_component id="oc-1e0">
         <name>.debug_info</name>
         <load_address>0xb7e3</load_address>
         <run_address>0xb7e3</run_address>
         <size>0x2db</size>
         <input_file_ref idref="fl-143"/>
      </object_component>
      <object_component id="oc-b2">
         <name>.debug_info</name>
         <load_address>0xbabe</load_address>
         <run_address>0xbabe</run_address>
         <size>0x2b5</size>
         <input_file_ref idref="fl-143"/>
      </object_component>
      <object_component id="oc-20f">
         <name>.debug_info</name>
         <load_address>0xbd73</load_address>
         <run_address>0xbd73</run_address>
         <size>0x5f</size>
         <input_file_ref idref="fl-143"/>
      </object_component>
      <object_component id="oc-1c6">
         <name>.debug_info</name>
         <load_address>0xbdd2</load_address>
         <run_address>0xbdd2</run_address>
         <size>0x223</size>
         <input_file_ref idref="fl-144"/>
      </object_component>
      <object_component id="oc-257">
         <name>.debug_info</name>
         <load_address>0xbff5</load_address>
         <run_address>0xbff5</run_address>
         <size>0x2ba</size>
         <input_file_ref idref="fl-144"/>
      </object_component>
      <object_component id="oc-263">
         <name>.debug_info</name>
         <load_address>0xc2af</load_address>
         <run_address>0xc2af</run_address>
         <size>0x294</size>
         <input_file_ref idref="fl-144"/>
      </object_component>
      <object_component id="oc-10f">
         <name>.debug_info</name>
         <load_address>0xc543</load_address>
         <run_address>0xc543</run_address>
         <size>0x292</size>
         <input_file_ref idref="fl-144"/>
      </object_component>
      <object_component id="oc-269">
         <name>.debug_info</name>
         <load_address>0xc7d5</load_address>
         <run_address>0xc7d5</run_address>
         <size>0x27f</size>
         <input_file_ref idref="fl-144"/>
      </object_component>
      <object_component id="oc-251">
         <name>.debug_info</name>
         <load_address>0xca54</load_address>
         <run_address>0xca54</run_address>
         <size>0x28c</size>
         <input_file_ref idref="fl-144"/>
      </object_component>
      <object_component id="oc-1ba">
         <name>.debug_info</name>
         <load_address>0xcce0</load_address>
         <run_address>0xcce0</run_address>
         <size>0x227</size>
         <input_file_ref idref="fl-145"/>
      </object_component>
      <object_component id="oc-fb">
         <name>.debug_info</name>
         <load_address>0xcf07</load_address>
         <run_address>0xcf07</run_address>
         <size>0x28f</size>
         <input_file_ref idref="fl-145"/>
      </object_component>
      <object_component id="oc-194">
         <name>.debug_info</name>
         <load_address>0xd196</load_address>
         <run_address>0xd196</run_address>
         <size>0x247</size>
         <input_file_ref idref="fl-145"/>
      </object_component>
      <object_component id="oc-225">
         <name>.debug_info</name>
         <load_address>0xd3dd</load_address>
         <run_address>0xd3dd</run_address>
         <size>0x249</size>
         <input_file_ref idref="fl-145"/>
      </object_component>
      <object_component id="oc-18d">
         <name>.debug_info</name>
         <load_address>0xd626</load_address>
         <run_address>0xd626</run_address>
         <size>0x326</size>
         <input_file_ref idref="fl-145"/>
      </object_component>
      <object_component id="oc-f4">
         <name>.debug_info</name>
         <load_address>0xd94c</load_address>
         <run_address>0xd94c</run_address>
         <size>0x291</size>
         <input_file_ref idref="fl-145"/>
      </object_component>
      <object_component id="oc-199">
         <name>.debug_info</name>
         <load_address>0xdbdd</load_address>
         <run_address>0xdbdd</run_address>
         <size>0x273</size>
         <input_file_ref idref="fl-145"/>
      </object_component>
      <object_component id="oc-19f">
         <name>.debug_info</name>
         <load_address>0xde50</load_address>
         <run_address>0xde50</run_address>
         <size>0x24d</size>
         <input_file_ref idref="fl-145"/>
      </object_component>
      <object_component id="oc-2a5">
         <name>.debug_info</name>
         <load_address>0xe09d</load_address>
         <run_address>0xe09d</run_address>
         <size>0x212</size>
         <input_file_ref idref="fl-146"/>
      </object_component>
      <object_component id="oc-2de">
         <name>.debug_info</name>
         <load_address>0xe2af</load_address>
         <run_address>0xe2af</run_address>
         <size>0xa3</size>
      </object_component>
      <object_component id="oc-2a0">
         <name>.debug_line</name>
         <load_address>0x0</load_address>
         <run_address>0x0</run_address>
         <size>0xd6</size>
         <input_file_ref idref="fl-2"/>
      </object_component>
      <object_component id="oc-150">
         <name>.debug_line</name>
         <load_address>0xd6</load_address>
         <run_address>0xd6</run_address>
         <size>0x48</size>
         <input_file_ref idref="fl-2"/>
      </object_component>
      <object_component id="oc-10c">
         <name>.debug_line</name>
         <load_address>0x11e</load_address>
         <run_address>0x11e</run_address>
         <size>0x47</size>
         <input_file_ref idref="fl-2"/>
      </object_component>
      <object_component id="oc-1cd">
         <name>.debug_line</name>
         <load_address>0x165</load_address>
         <run_address>0x165</run_address>
         <size>0x37</size>
         <input_file_ref idref="fl-2"/>
      </object_component>
      <object_component id="oc-12d">
         <name>.debug_line</name>
         <load_address>0x19c</load_address>
         <run_address>0x19c</run_address>
         <size>0x20</size>
         <input_file_ref idref="fl-2"/>
      </object_component>
      <object_component id="oc-107">
         <name>.debug_line</name>
         <load_address>0x1bc</load_address>
         <run_address>0x1bc</run_address>
         <size>0x60</size>
         <input_file_ref idref="fl-2"/>
      </object_component>
      <object_component id="oc-13d">
         <name>.debug_line</name>
         <load_address>0x21c</load_address>
         <run_address>0x21c</run_address>
         <size>0x60</size>
         <input_file_ref idref="fl-2"/>
      </object_component>
      <object_component id="oc-1b4">
         <name>.debug_line</name>
         <load_address>0x27c</load_address>
         <run_address>0x27c</run_address>
         <size>0x60</size>
         <input_file_ref idref="fl-2"/>
      </object_component>
      <object_component id="oc-129">
         <name>.debug_line</name>
         <load_address>0x2dc</load_address>
         <run_address>0x2dc</run_address>
         <size>0x41</size>
         <input_file_ref idref="fl-3"/>
      </object_component>
      <object_component id="oc-3d">
         <name>.debug_line</name>
         <load_address>0x31d</load_address>
         <run_address>0x31d</run_address>
         <size>0x41</size>
         <input_file_ref idref="fl-3"/>
      </object_component>
      <object_component id="oc-2f">
         <name>.debug_line</name>
         <load_address>0x35e</load_address>
         <run_address>0x35e</run_address>
         <size>0xa1</size>
         <input_file_ref idref="fl-3"/>
      </object_component>
      <object_component id="oc-1e6">
         <name>.debug_line</name>
         <load_address>0x3ff</load_address>
         <run_address>0x3ff</run_address>
         <size>0x4f</size>
         <input_file_ref idref="fl-4"/>
      </object_component>
      <object_component id="oc-1f5">
         <name>.debug_line</name>
         <load_address>0x44e</load_address>
         <run_address>0x44e</run_address>
         <size>0xb7</size>
         <input_file_ref idref="fl-5"/>
      </object_component>
      <object_component id="oc-126">
         <name>.debug_line</name>
         <load_address>0x505</load_address>
         <run_address>0x505</run_address>
         <size>0x20</size>
         <input_file_ref idref="fl-5"/>
      </object_component>
      <object_component id="oc-1c9">
         <name>.debug_line</name>
         <load_address>0x525</load_address>
         <run_address>0x525</run_address>
         <size>0xa4</size>
         <input_file_ref idref="fl-6"/>
      </object_component>
      <object_component id="oc-1d0">
         <name>.debug_line</name>
         <load_address>0x5c9</load_address>
         <run_address>0x5c9</run_address>
         <size>0x37</size>
         <input_file_ref idref="fl-6"/>
      </object_component>
      <object_component id="oc-37">
         <name>.debug_line</name>
         <load_address>0x600</load_address>
         <run_address>0x600</run_address>
         <size>0xed</size>
         <input_file_ref idref="fl-6"/>
      </object_component>
      <object_component id="oc-1bf">
         <name>.debug_line</name>
         <load_address>0x6ed</load_address>
         <run_address>0x6ed</run_address>
         <size>0x16b</size>
         <input_file_ref idref="fl-7"/>
      </object_component>
      <object_component id="oc-1bd">
         <name>.debug_line</name>
         <load_address>0x858</load_address>
         <run_address>0x858</run_address>
         <size>0x46</size>
         <input_file_ref idref="fl-7"/>
      </object_component>
      <object_component id="oc-35">
         <name>.debug_line</name>
         <load_address>0x89e</load_address>
         <run_address>0x89e</run_address>
         <size>0x135</size>
         <input_file_ref idref="fl-7"/>
      </object_component>
      <object_component id="oc-1c3">
         <name>.debug_line</name>
         <load_address>0x9d3</load_address>
         <run_address>0x9d3</run_address>
         <size>0x54</size>
         <input_file_ref idref="fl-7"/>
      </object_component>
      <object_component id="oc-1ef">
         <name>.debug_line</name>
         <load_address>0xa27</load_address>
         <run_address>0xa27</run_address>
         <size>0x54</size>
         <input_file_ref idref="fl-8"/>
      </object_component>
      <object_component id="oc-23a">
         <name>.debug_line</name>
         <load_address>0xa7b</load_address>
         <run_address>0xa7b</run_address>
         <size>0x8e</size>
         <input_file_ref idref="fl-9"/>
      </object_component>
      <object_component id="oc-231">
         <name>.debug_line</name>
         <load_address>0xb09</load_address>
         <run_address>0xb09</run_address>
         <size>0x38</size>
         <input_file_ref idref="fl-9"/>
      </object_component>
      <object_component id="oc-22f">
         <name>.debug_line</name>
         <load_address>0xb41</load_address>
         <run_address>0xb41</run_address>
         <size>0x38</size>
         <input_file_ref idref="fl-9"/>
      </object_component>
      <object_component id="oc-df">
         <name>.debug_line</name>
         <load_address>0xb79</load_address>
         <run_address>0xb79</run_address>
         <size>0x289</size>
         <input_file_ref idref="fl-9"/>
      </object_component>
      <object_component id="oc-25">
         <name>.debug_line</name>
         <load_address>0xe02</load_address>
         <run_address>0xe02</run_address>
         <size>0x52</size>
         <input_file_ref idref="fl-130"/>
      </object_component>
      <object_component id="oc-136">
         <name>.debug_line</name>
         <load_address>0xe54</load_address>
         <run_address>0xe54</run_address>
         <size>0x80</size>
         <input_file_ref idref="fl-131"/>
      </object_component>
      <object_component id="oc-17">
         <name>.debug_line</name>
         <load_address>0xed4</load_address>
         <run_address>0xed4</run_address>
         <size>0x55</size>
         <input_file_ref idref="fl-131"/>
      </object_component>
      <object_component id="oc-48">
         <name>.debug_line</name>
         <load_address>0xf29</load_address>
         <run_address>0xf29</run_address>
         <size>0x3a</size>
         <input_file_ref idref="fl-131"/>
      </object_component>
      <object_component id="oc-133">
         <name>.debug_line</name>
         <load_address>0xf63</load_address>
         <run_address>0xf63</run_address>
         <size>0x80</size>
         <input_file_ref idref="fl-131"/>
      </object_component>
      <object_component id="oc-139">
         <name>.debug_line</name>
         <load_address>0xfe3</load_address>
         <run_address>0xfe3</run_address>
         <size>0x80</size>
         <input_file_ref idref="fl-132"/>
      </object_component>
      <object_component id="oc-4c">
         <name>.debug_line</name>
         <load_address>0x1063</load_address>
         <run_address>0x1063</run_address>
         <size>0x98</size>
         <input_file_ref idref="fl-132"/>
      </object_component>
      <object_component id="oc-19">
         <name>.debug_line</name>
         <load_address>0x10fb</load_address>
         <run_address>0x10fb</run_address>
         <size>0x4b</size>
         <input_file_ref idref="fl-132"/>
      </object_component>
      <object_component id="oc-56">
         <name>.debug_line</name>
         <load_address>0x1146</load_address>
         <run_address>0x1146</run_address>
         <size>0x39</size>
         <input_file_ref idref="fl-132"/>
      </object_component>
      <object_component id="oc-141">
         <name>.debug_line</name>
         <load_address>0x117f</load_address>
         <run_address>0x117f</run_address>
         <size>0x80</size>
         <input_file_ref idref="fl-133"/>
      </object_component>
      <object_component id="oc-23">
         <name>.debug_line</name>
         <load_address>0x11ff</load_address>
         <run_address>0x11ff</run_address>
         <size>0x4f</size>
         <input_file_ref idref="fl-133"/>
      </object_component>
      <object_component id="oc-61">
         <name>.debug_line</name>
         <load_address>0x124e</load_address>
         <run_address>0x124e</run_address>
         <size>0x34</size>
         <input_file_ref idref="fl-133"/>
      </object_component>
      <object_component id="oc-20c">
         <name>.debug_line</name>
         <load_address>0x1282</load_address>
         <run_address>0x1282</run_address>
         <size>0x7f</size>
         <input_file_ref idref="fl-134"/>
      </object_component>
      <object_component id="oc-20a">
         <name>.debug_line</name>
         <load_address>0x1301</load_address>
         <run_address>0x1301</run_address>
         <size>0x2a</size>
         <input_file_ref idref="fl-134"/>
      </object_component>
      <object_component id="oc-7a">
         <name>.debug_line</name>
         <load_address>0x132b</load_address>
         <run_address>0x132b</run_address>
         <size>0x7a</size>
         <input_file_ref idref="fl-134"/>
      </object_component>
      <object_component id="oc-40">
         <name>.debug_line</name>
         <load_address>0x13a5</load_address>
         <run_address>0x13a5</run_address>
         <size>0x88</size>
         <input_file_ref idref="fl-135"/>
      </object_component>
      <object_component id="oc-5c">
         <name>.debug_line</name>
         <load_address>0x142d</load_address>
         <run_address>0x142d</run_address>
         <size>0x79</size>
         <input_file_ref idref="fl-136"/>
      </object_component>
      <object_component id="oc-66">
         <name>.debug_line</name>
         <load_address>0x14a6</load_address>
         <run_address>0x14a6</run_address>
         <size>0x40</size>
         <input_file_ref idref="fl-137"/>
      </object_component>
      <object_component id="oc-15d">
         <name>.debug_line</name>
         <load_address>0x14e6</load_address>
         <run_address>0x14e6</run_address>
         <size>0x33</size>
         <input_file_ref idref="fl-138"/>
      </object_component>
      <object_component id="oc-1ae">
         <name>.debug_line</name>
         <load_address>0x1519</load_address>
         <run_address>0x1519</run_address>
         <size>0x5b</size>
         <input_file_ref idref="fl-139"/>
      </object_component>
      <object_component id="oc-29c">
         <name>.debug_line</name>
         <load_address>0x1574</load_address>
         <run_address>0x1574</run_address>
         <size>0x20</size>
         <input_file_ref idref="fl-13a"/>
      </object_component>
      <object_component id="oc-206">
         <name>.debug_line</name>
         <load_address>0x1594</load_address>
         <run_address>0x1594</run_address>
         <size>0x2b</size>
         <input_file_ref idref="fl-13a"/>
      </object_component>
      <object_component id="oc-201">
         <name>.debug_line</name>
         <load_address>0x15bf</load_address>
         <run_address>0x15bf</run_address>
         <size>0x68</size>
         <input_file_ref idref="fl-13a"/>
      </object_component>
      <object_component id="oc-1f9">
         <name>.debug_line</name>
         <load_address>0x1627</load_address>
         <run_address>0x1627</run_address>
         <size>0x2b</size>
         <input_file_ref idref="fl-13b"/>
      </object_component>
      <object_component id="oc-72">
         <name>.debug_line</name>
         <load_address>0x1652</load_address>
         <run_address>0x1652</run_address>
         <size>0x50</size>
         <input_file_ref idref="fl-13b"/>
      </object_component>
      <object_component id="oc-1fd">
         <name>.debug_line</name>
         <load_address>0x16a2</load_address>
         <run_address>0x16a2</run_address>
         <size>0x2b</size>
         <input_file_ref idref="fl-13b"/>
      </object_component>
      <object_component id="oc-1d4">
         <name>.debug_line</name>
         <load_address>0x16cd</load_address>
         <run_address>0x16cd</run_address>
         <size>0x8f</size>
         <input_file_ref idref="fl-13c"/>
      </object_component>
      <object_component id="oc-6e">
         <name>.debug_line</name>
         <load_address>0x175c</load_address>
         <run_address>0x175c</run_address>
         <size>0x79</size>
         <input_file_ref idref="fl-13c"/>
      </object_component>
      <object_component id="oc-1d8">
         <name>.debug_line</name>
         <load_address>0x17d5</load_address>
         <run_address>0x17d5</run_address>
         <size>0x2e</size>
         <input_file_ref idref="fl-13c"/>
      </object_component>
      <object_component id="oc-1dd">
         <name>.debug_line</name>
         <load_address>0x1803</load_address>
         <run_address>0x1803</run_address>
         <size>0x81</size>
         <input_file_ref idref="fl-13c"/>
      </object_component>
      <object_component id="oc-241">
         <name>.debug_line</name>
         <load_address>0x1884</load_address>
         <run_address>0x1884</run_address>
         <size>0x8e</size>
         <input_file_ref idref="fl-13d"/>
      </object_component>
      <object_component id="oc-144">
         <name>.debug_line</name>
         <load_address>0x1912</load_address>
         <run_address>0x1912</run_address>
         <size>0x68</size>
         <input_file_ref idref="fl-13d"/>
      </object_component>
      <object_component id="oc-245">
         <name>.debug_line</name>
         <load_address>0x197a</load_address>
         <run_address>0x197a</run_address>
         <size>0x2e</size>
         <input_file_ref idref="fl-13d"/>
      </object_component>
      <object_component id="oc-233">
         <name>.debug_line</name>
         <load_address>0x19a8</load_address>
         <run_address>0x19a8</run_address>
         <size>0x3b</size>
         <input_file_ref idref="fl-13e"/>
      </object_component>
      <object_component id="oc-217">
         <name>.debug_line</name>
         <load_address>0x19e3</load_address>
         <run_address>0x19e3</run_address>
         <size>0x82</size>
         <input_file_ref idref="fl-13f"/>
      </object_component>
      <object_component id="oc-215">
         <name>.debug_line</name>
         <load_address>0x1a65</load_address>
         <run_address>0x1a65</run_address>
         <size>0x7d</size>
         <input_file_ref idref="fl-13f"/>
      </object_component>
      <object_component id="oc-118">
         <name>.debug_line</name>
         <load_address>0x1ae2</load_address>
         <run_address>0x1ae2</run_address>
         <size>0x92</size>
         <input_file_ref idref="fl-13f"/>
      </object_component>
      <object_component id="oc-16a">
         <name>.debug_line</name>
         <load_address>0x1b74</load_address>
         <run_address>0x1b74</run_address>
         <size>0x95</size>
         <input_file_ref idref="fl-13f"/>
      </object_component>
      <object_component id="oc-170">
         <name>.debug_line</name>
         <load_address>0x1c09</load_address>
         <run_address>0x1c09</run_address>
         <size>0xd1</size>
         <input_file_ref idref="fl-13f"/>
      </object_component>
      <object_component id="oc-f1">
         <name>.debug_line</name>
         <load_address>0x1cda</load_address>
         <run_address>0x1cda</run_address>
         <size>0x93</size>
         <input_file_ref idref="fl-13f"/>
      </object_component>
      <object_component id="oc-94">
         <name>.debug_line</name>
         <load_address>0x1d6d</load_address>
         <run_address>0x1d6d</run_address>
         <size>0x93</size>
         <input_file_ref idref="fl-13f"/>
      </object_component>
      <object_component id="oc-276">
         <name>.debug_line</name>
         <load_address>0x1e00</load_address>
         <run_address>0x1e00</run_address>
         <size>0x93</size>
         <input_file_ref idref="fl-13f"/>
      </object_component>
      <object_component id="oc-24e">
         <name>.debug_line</name>
         <load_address>0x1e93</load_address>
         <run_address>0x1e93</run_address>
         <size>0x99</size>
         <input_file_ref idref="fl-13f"/>
      </object_component>
      <object_component id="oc-92">
         <name>.debug_line</name>
         <load_address>0x1f2c</load_address>
         <run_address>0x1f2c</run_address>
         <size>0xa7</size>
         <input_file_ref idref="fl-13f"/>
      </object_component>
      <object_component id="oc-221">
         <name>.debug_line</name>
         <load_address>0x1fd3</load_address>
         <run_address>0x1fd3</run_address>
         <size>0x7c</size>
         <input_file_ref idref="fl-140"/>
      </object_component>
      <object_component id="oc-21f">
         <name>.debug_line</name>
         <load_address>0x204f</load_address>
         <run_address>0x204f</run_address>
         <size>0x82</size>
         <input_file_ref idref="fl-140"/>
      </object_component>
      <object_component id="oc-25d">
         <name>.debug_line</name>
         <load_address>0x20d1</load_address>
         <run_address>0x20d1</run_address>
         <size>0x97</size>
         <input_file_ref idref="fl-140"/>
      </object_component>
      <object_component id="oc-ca">
         <name>.debug_line</name>
         <load_address>0x2168</load_address>
         <run_address>0x2168</run_address>
         <size>0xc2</size>
         <input_file_ref idref="fl-140"/>
      </object_component>
      <object_component id="oc-2b7">
         <name>.debug_line</name>
         <load_address>0x222a</load_address>
         <run_address>0x222a</run_address>
         <size>0x82</size>
         <input_file_ref idref="fl-141"/>
      </object_component>
      <object_component id="oc-297">
         <name>.debug_line</name>
         <load_address>0x22ac</load_address>
         <run_address>0x22ac</run_address>
         <size>0x9e</size>
         <input_file_ref idref="fl-141"/>
      </object_component>
      <object_component id="oc-291">
         <name>.debug_line</name>
         <load_address>0x234a</load_address>
         <run_address>0x234a</run_address>
         <size>0x95</size>
         <input_file_ref idref="fl-141"/>
      </object_component>
      <object_component id="oc-285">
         <name>.debug_line</name>
         <load_address>0x23df</load_address>
         <run_address>0x23df</run_address>
         <size>0x96</size>
         <input_file_ref idref="fl-141"/>
      </object_component>
      <object_component id="oc-28b">
         <name>.debug_line</name>
         <load_address>0x2475</load_address>
         <run_address>0x2475</run_address>
         <size>0x91</size>
         <input_file_ref idref="fl-141"/>
      </object_component>
      <object_component id="oc-27f">
         <name>.debug_line</name>
         <load_address>0x2506</load_address>
         <run_address>0x2506</run_address>
         <size>0x9b</size>
         <input_file_ref idref="fl-141"/>
      </object_component>
[...]
               <size>0x7d44</size>
            </available_space>
         </usage_details>
      </memory_area>
   </placement_map>
   <cptbl_list>
      <cptbl>
         <name>__TI_cinit_table</name>
         <cprec>
            <name>.data</name>
            <load_address>0x1ac8</load_address>
            <load_size>0x5e</load_size>
            <run_address>0x20000200</run_address>
            <run_size>0x7c</run_size>
            <compression>rle</compression>
         </cprec>
         <cprec>
            <name>.bss</name>
            <load_address>0x1b38</load_address>
            <load_size>0x8</load_size>
            <run_address>0x2000027c</run_address>
            <run_size>0x40</run_size>
            <compression>zero_init</compression>
         </cprec>
      </cptbl>
   </cptbl_list>
   <handler_table>
      <handler_table_name>__TI_handler_table</handler_table_name>
      <handler>
         <index>0x0</index>
         <name>__TI_decompress_rle24</name>
      </handler>
      <handler>
         <index>0x1</index>
         <name>__TI_decompress_none</name>
      </handler>
      <handler>
         <index>0x2</index>
         <name>__TI_zero_init</name>
      </handler>
   </handler_table>
   <symbol_table>
      <symbol id="sm-1">
         <name>__STACK_TOP</name>
         <value>0x20000200</value>
      </symbol>
      <symbol id="sm-2">
         <name>__TI_CINIT_Base</name>
         <value>0x1b40</value>
      </symbol>
      <symbol id="sm-3">
         <name>__TI_CINIT_Limit</name>
         <value>0x1b50</value>
      </symbol>
      <symbol id="sm-4">
         <name>__TI_Handler_Table_Base</name>
         <value>0x1b28</value>
      </symbol>
      <symbol id="sm-5">
         <name>__TI_Handler_Table_Limit</name>
         <value>0x1b34</value>
      </symbol>
      <symbol id="sm-6">
         <name>binit</name>
         <value>0xffffffff</value>
      </symbol>
      <symbol id="sm-7">
         <name>__binit__</name>
         <value>0xffffffff</value>
      </symbol>
      <symbol id="sm-8">
         <name>__STACK_SIZE</name>
         <value>0x200</value>
      </symbol>
      <symbol id="sm-9">
         <name>__STACK_END</name>
         <value>0x20000200</value>
      </symbol>
      <symbol id="sm-a">
         <name>__c_args__</name>
         <value>0xffffffff</value>
      </symbol>
      <symbol id="sm-4d">
         <name>main</name>
         <value>0x1661</value>
         <object_component_ref idref="oc-14b"/>
      </symbol>
      <symbol id="sm-69">
         <name>ResetISR</name>
         <value>0x189f</value>
         <object_component_ref idref="oc-2a"/>
      </symbol>
      <symbol id="sm-6a">
         <name>g_pfnVectors</name>
         <value>0x0</value>
         <object_component_ref idref="oc-f"/>
      </symbol>
      <symbol id="sm-77">
         <name>GPIO_Init</name>
         <value>0x16b9</value>
         <object_component_ref idref="oc-1e5"/>
      </symbol>
      <symbol id="sm-98">
         <name>Motor_Set_Throttle</name>
         <value>0xd19</value>
         <object_component_ref idref="oc-1f1"/>
      </symbol>
      <symbol id="sm-99">
         <name>Motor_PWM_Init</name>
         <value>0xc81</value>
         <object_component_ref idref="oc-1f1"/>
      </symbol>
      <symbol id="sm-d4">
         <name>PID_Left_Motor</name>
         <value>0x2000027c</value>
      </symbol>
      <symbol id="sm-d5">
         <name>PID_Left_Motor_Cfg</name>
         <value>0x20000298</value>
      </symbol>
      <symbol id="sm-d6">
         <name>Dest_Motor_Vel</name>
         <value>0x200002b4</value>
      </symbol>
      <symbol id="sm-d7">
         <name>PID_Init</name>
         <value>0x709</value>
         <object_component_ref idref="oc-36"/>
      </symbol>
      <symbol id="sm-d8">
         <name>Set_Dest_Vel</name>
         <value>0x917</value>
         <object_component_ref idref="oc-36"/>
      </symbol>
      <symbol id="sm-d9">
         <name>Motor_PID</name>
         <value>0x773</value>
         <object_component_ref idref="oc-36"/>
      </symbol>
      <symbol id="sm-da">
         <name>Start_Right_PID</name>
         <value>0x2000026d</value>
         <object_component_ref idref="oc-11f"/>
      </symbol>
      <symbol id="sm-db">
         <name>time_stamp</name>
         <value>0x20000268</value>
         <object_component_ref idref="oc-11f"/>
      </symbol>
      <symbol id="sm-dc">
         <name>Start_Left_PID</name>
         <value>0x2000026c</value>
         <object_component_ref idref="oc-11f"/>
      </symbol>
      <symbol id="sm-dd">
         <name>Timer0A_IntHandler</name>
         <value>0x92f</value>
         <object_component_ref idref="oc-36"/>
      </symbol>
      <symbol id="sm-119">
         <name>QEI_IRQHandler</name>
         <value>0xadb</value>
         <object_component_ref idref="oc-30"/>
      </symbol>
      <symbol id="sm-11a">
         <name>ConfigureUART0</name>
         <value>0xbbf</value>
         <object_component_ref idref="oc-30"/>
      </symbol>
      <symbol id="sm-11b">
         <name>Motor_Init_QEI</name>
         <value>0xaa1</value>
         <object_component_ref idref="oc-30"/>
      </symbol>
      <symbol id="sm-11c">
         <name>QEI1_IRQHandler</name>
         <value>0xbb5</value>
         <object_component_ref idref="oc-30"/>
      </symbol>
      <symbol id="sm-11d">
         <name>qei_data_array</name>
         <value>0x20000200</value>
         <object_component_ref idref="oc-ff"/>
      </symbol>
      <symbol id="sm-11e">
         <name>Motor_Init_QEI2</name>
         <value>0x9d1</value>
         <object_component_ref idref="oc-30"/>
      </symbol>
      <symbol id="sm-11f">
         <name>QEI0_IRQHandler</name>
         <value>0xbab</value>
         <object_component_ref idref="oc-30"/>
      </symbol>
      <symbol id="sm-12c">
         <name>Timer0A_Init</name>
         <value>0x14a9</value>
         <object_component_ref idref="oc-1eb"/>
      </symbol>
      <symbol id="sm-191">
         <name>UARTgetc</name>
         <value>0x3b3</value>
         <object_component_ref idref="oc-db"/>
      </symbol>
      <symbol id="sm-192">
         <name>UARTgets</name>
         <value>0x2f9</value>
         <object_component_ref idref="oc-db"/>
      </symbol>
      <symbol id="sm-193">
         <name>UARTStdioConfig</name>
         <value>0x26d</value>
         <object_component_ref idref="oc-db"/>
      </symbol>
      <symbol id="sm-194">
         <name>UARTwrite</name>
         <value>0x2b3</value>
         <object_component_ref idref="oc-db"/>
      </symbol>
      <symbol id="sm-195">
         <name>UARTprintf</name>
         <value>0x6d3</value>
         <object_component_ref idref="oc-db"/>
      </symbol>
      <symbol id="sm-196">
         <name>UARTvprintf</name>
         <value>0x3d9</value>
         <object_component_ref idref="oc-db"/>
      </symbol>
      <symbol id="sm-1a8">
         <name>_c_int00</name>
         <value>0x13c5</value>
         <object_component_ref idref="oc-24"/>
      </symbol>
      <symbol id="sm-1a9">
         <name>__stack</name>
         <value>0x20000000</value>
         <object_component_ref idref="oc-29"/>
      </symbol>
      <symbol id="sm-1c0">
         <name>__TI_decompress_none</name>
         <value>0x1861</value>
         <object_component_ref idref="oc-12"/>
      </symbol>
      <symbol id="sm-1e3">
         <name>__TI_decompress_rle24</name>
         <value>0x1911</value>
         <object_component_ref idref="oc-18"/>
      </symbol>
      <symbol id="sm-1f5">
         <name>__TI_zero_init</name>
         <value>0x1893</value>
         <object_component_ref idref="oc-1e"/>
      </symbol>
      <symbol id="sm-214">
         <name>C$$EXIT</name>
         <value>0x1539</value>
         <object_component_ref idref="oc-76"/>
      </symbol>
      <symbol id="sm-215">
         <name>abort</name>
         <value>0x153d</value>
         <object_component_ref idref="oc-76"/>
      </symbol>
      <symbol id="sm-216">
         <name>exit</name>
         <value>0x1545</value>
         <object_component_ref idref="oc-76"/>
      </symbol>
      <symbol id="sm-217">
         <name>__TI_dtors_ptr</name>
         <value>0x20000264</value>
         <object_component_ref idref="oc-156"/>
      </symbol>
      <symbol id="sm-218">
         <name>__TI_cleanup_ptr</name>
         <value>0x20000260</value>
         <object_component_ref idref="oc-156"/>
      </symbol>
      <symbol id="sm-233">
         <name>memcpy</name>
         <value>0x110d</value>
         <object_component_ref idref="oc-3f"/>
      </symbol>
      <symbol id="sm-234">
         <name>__aeabi_memcpy</name>
         <value>0x110d</value>
         <object_component_ref idref="oc-3f"/>
      </symbol>
      <symbol id="sm-235">
         <name>__aeabi_memcpy8</name>
         <value>0x110d</value>
         <object_component_ref idref="oc-3f"/>
      </symbol>
      <symbol id="sm-236">
         <name>__aeabi_memcpy4</name>
         <value>0x110d</value>
         <object_component_ref idref="oc-3f"/>
      </symbol>
      <symbol id="sm-245">
         <name>__aeabi_memset</name>
         <value>0x11ab</value>
         <object_component_ref idref="oc-58"/>
      </symbol>
      <symbol id="sm-246">
         <name>memset</name>
         <value>0x11b1</value>
         <object_component_ref idref="oc-58"/>
      </symbol>
      <symbol id="sm-247">
         <name>__aeabi_memset8</name>
         <value>0x11ab</value>
         <object_component_ref idref="oc-58"/>
      </symbol>
      <symbol id="sm-248">
         <name>__aeabi_memset4</name>
         <value>0x11ab</value>
         <object_component_ref idref="oc-58"/>
      </symbol>
      <symbol id="sm-249">
         <name>__aeabi_memclr8</name>
         <value>0x11a9</value>
         <object_component_ref idref="oc-58"/>
      </symbol>
      <symbol id="sm-24a">
         <name>__aeabi_memclr4</name>
         <value>0x11a9</value>
         <object_component_ref idref="oc-58"/>
      </symbol>
      <symbol id="sm-24b">
         <name>__aeabi_memclr</name>
         <value>0x11a9</value>
         <object_component_ref idref="oc-58"/>
      </symbol>
      <symbol id="sm-255">
         <name>_system_pre_init</name>
         <value>0x1923</value>
         <object_component_ref idref="oc-64"/>
      </symbol>
      <symbol id="sm-25d">
         <name>main_func_sp</name>
         <value>0x20000278</value>
         <object_component_ref idref="oc-7c"/>
      </symbol>
      <symbol id="sm-26f">
         <name>__aeabi_uidivmod</name>
         <value>0x157d</value>
         <object_component_ref idref="oc-1aa"/>
      </symbol>
      <symbol id="sm-270">
         <name>__aeabi_uidiv</name>
         <value>0x157d</value>
         <object_component_ref idref="oc-1aa"/>
      </symbol>
      <symbol id="sm-289">
         <name>_nop</name>
         <value>0x17a7</value>
         <object_component_ref idref="oc-1ff"/>
      </symbol>
      <symbol id="sm-28a">
         <name>_lock</name>
         <value>0x20000258</value>
         <object_component_ref idref="oc-153"/>
      </symbol>
      <symbol id="sm-28b">
         <name>_unlock</name>
         <value>0x2000025c</value>
         <object_component_ref idref="oc-153"/>
      </symbol>
      <symbol id="sm-28c">
         <name>_register_lock</name>
         <value>0x179f</value>
         <object_component_ref idref="oc-1ff"/>
      </symbol>
      <symbol id="sm-28d">
         <name>_register_unlock</name>
         <value>0x1799</value>
         <object_component_ref idref="oc-1ff"/>
      </symbol>
      <symbol id="sm-2a2">
         <name>_args_main</name>
         <value>0x1759</value>
         <object_component_ref idref="oc-70"/>
      </symbol>
      <symbol id="sm-2c8">
         <name>__TI_auto_init</name>
         <value>0x1225</value>
         <object_component_ref idref="oc-6a"/>
      </symbol>
      <symbol id="sm-2e2">
         <name>copy_in</name>
         <value>0x1415</value>
         <object_component_ref idref="oc-143"/>
      </symbol>
      <symbol id="sm-2ec">
         <name>__aeabi_idiv0</name>
         <value>0xf07</value>
         <object_component_ref idref="oc-232"/>
      </symbol>
      <symbol id="sm-33e">
         <name>GPIOPinTypePWM</name>
         <value>0x17ad</value>
         <object_component_ref idref="oc-275"/>
      </symbol>
      <symbol id="sm-33f">
         <name>GPIOPinConfigure</name>
         <value>0x1461</value>
         <object_component_ref idref="oc-8d"/>
      </symbol>
      <symbol id="sm-340">
         <name>GPIOPinTypeUART</name>
         <value>0x17d1</value>
         <object_component_ref idref="oc-ed"/>
      </symbol>
      <symbol id="sm-341">
         <name>GPIOPinTypeGPIOOutput</name>
         <value>0x173f</value>
         <object_component_ref idref="oc-249"/>
      </symbol>
      <symbol id="sm-342">
         <name>GPIODirModeSet</name>
         <value>0x168d</value>
         <object_component_ref idref="oc-166"/>
      </symbol>
      <symbol id="sm-343">
         <name>GPIOPinTypeQEI</name>
         <value>0x17bf</value>
         <object_component_ref idref="oc-93"/>
      </symbol>
      <symbol id="sm-344">
         <name>GPIOPinWrite</name>
         <value>0x18ff</value>
         <object_component_ref idref="oc-114"/>
      </symbol>
      <symbol id="sm-345">
         <name>GPIOPadConfigSet</name>
         <value>0xdd5</value>
         <object_component_ref idref="oc-16c"/>
      </symbol>
      <symbol id="sm-375">
         <name>IntEnable</name>
         <value>0x12fd</value>
         <object_component_ref idref="oc-c9"/>
      </symbol>
      <symbol id="sm-376">
         <name>IntMasterEnable</name>
         <value>0x1807</value>
         <object_component_ref idref="oc-25c"/>
      </symbol>
      <symbol id="sm-3a3">
         <name>PWMGenPeriodSet</name>
         <value>0x1817</value>
         <object_component_ref idref="oc-281"/>
      </symbol>
      <symbol id="sm-3a4">
         <name>PWMPulseWidthSet</name>
         <value>0x1721</value>
         <object_component_ref idref="oc-293"/>
      </symbol>
      <symbol id="sm-3a5">
         <name>PWMOutputState</name>
         <value>0x17e3</value>
         <object_component_ref idref="oc-28d"/>
      </symbol>
      <symbol id="sm-3a6">
         <name>PWMGenEnable</name>
         <value>0x187b</value>
         <object_component_ref idref="oc-287"/>
      </symbol>
      <symbol id="sm-3a7">
         <name>PWMGenConfigure</name>
         <value>0x16dd</value>
         <object_component_ref idref="oc-27b"/>
      </symbol>
      <symbol id="sm-404">
         <name>QEIDirectionGet</name>
         <value>0x1845</value>
         <object_component_ref idref="oc-e7"/>
      </symbol>
      <symbol id="sm-405">
         <name>QEIVelocityGet</name>
         <value>0x191b</value>
         <object_component_ref idref="oc-e1"/>
      </symbol>
      <symbol id="sm-406">
         <name>QEIFilterConfigure</name>
         <value>0x1887</value>
         <object_component_ref idref="oc-a5"/>
      </symbol>
      <symbol id="sm-407">
         <name>QEIIntEnable</name>
         <value>0x18e7</value>
         <object_component_ref idref="oc-c3"/>
      </symbol>
      <symbol id="sm-408">
         <name>QEIVelocityConfigure</name>
         <value>0x1827</value>
         <object_component_ref idref="oc-b7"/>
      </symbol>
      <symbol id="sm-409">
         <name>QEIFilterEnable</name>
         <value>0x18b5</value>
         <object_component_ref idref="oc-ab"/>
      </symbol>
      <symbol id="sm-40a">
         <name>QEIIntStatus</name>
         <value>0x18bf</value>
         <object_component_ref idref="oc-cf"/>
      </symbol>
      <symbol id="sm-40b">
         <name>QEIEnable</name>
         <value>0x18ab</value>
         <object_component_ref idref="oc-9f"/>
      </symbol>
      <symbol id="sm-40c">
         <name>QEIIntClear</name>
         <value>0x1917</value>
         <object_component_ref idref="oc-d5"/>
      </symbol>
      <symbol id="sm-40d">
         <name>QEIVelocityEnable</name>
         <value>0x18c9</value>
         <object_component_ref idref="oc-bd"/>
      </symbol>
      <symbol id="sm-40e">
         <name>QEIConfigure</name>
         <value>0x1837</value>
         <object_component_ref idref="oc-99"/>
      </symbol>
      <symbol id="sm-480">
         <name>SysCtlPeripheralPresent</name>
         <value>0x15bd</value>
         <object_component_ref idref="oc-186"/>
      </symbol>
      <symbol id="sm-481">
         <name>SysCtlClockSet</name>
         <value>0x1019</value>
         <object_component_ref idref="oc-1df"/>
      </symbol>
      <symbol id="sm-482">
         <name>SysCtlDelay</name>
         <value>0x1905</value>
         <object_component_ref idref="oc-247"/>
      </symbol>
      <symbol id="sm-483">
         <name>SysCtlPeripheralEnable</name>
         <value>0x162d</value>
         <object_component_ref idref="oc-81"/>
      </symbol>
      <symbol id="sm-484">
         <name>SysCtlClockGet</name>
         <value>0xf09</value>
         <object_component_ref idref="oc-b1"/>
      </symbol>
      <symbol id="sm-485">
         <name>SysCtlPWMClockSet</name>
         <value>0x1771</value>
         <object_component_ref idref="oc-26f"/>
      </symbol>
      <symbol id="sm-486">
         <name>SysCtlPeripheralReady</name>
         <value>0x15f5</value>
         <object_component_ref idref="oc-87"/>
      </symbol>
      <symbol id="sm-4ba">
         <name>TimerLoadSet</name>
         <value>0x17f5</value>
         <object_component_ref idref="oc-256"/>
      </symbol>
      <symbol id="sm-4bb">
         <name>TimerEnable</name>
         <value>0x1853</value>
         <object_component_ref idref="oc-268"/>
      </symbol>
      <symbol id="sm-4bc">
         <name>TimerIntEnable</name>
         <value>0x18ef</value>
         <object_component_ref idref="oc-262"/>
      </symbol>
      <symbol id="sm-4bd">
         <name>TimerConfigure</name>
         <value>0x1365</value>
         <object_component_ref idref="oc-250"/>
      </symbol>
      <symbol id="sm-4be">
         <name>TimerIntClear</name>
         <value>0x191f</value>
         <object_component_ref idref="oc-10e"/>
      </symbol>
      <symbol id="sm-501">
         <name>UARTConfigSetExpClk</name>
         <value>0x14f1</value>
         <object_component_ref idref="oc-18c"/>
      </symbol>
      <symbol id="sm-502">
         <name>UARTDisable</name>
         <value>0x1701</value>
         <object_component_ref idref="oc-223"/>
      </symbol>
      <symbol id="sm-503">
         <name>UARTIntEnable</name>
         <value>0x18f7</value>
         <object_component_ref idref="oc-f9"/>
      </symbol>
      <symbol id="sm-504">
         <name>UARTClockSourceSet</name>
         <value>0x190b</value>
         <object_component_ref idref="oc-f3"/>
      </symbol>
      <symbol id="sm-505">
         <name>UARTCharPut</name>
         <value>0x18dd</value>
         <object_component_ref idref="oc-198"/>
      </symbol>
      <symbol id="sm-506">
         <name>UARTEnable</name>
         <value>0x1785</value>
         <object_component_ref idref="oc-192"/>
      </symbol>
      <symbol id="sm-507">
         <name>UARTCharGet</name>
         <value>0x18d3</value>
         <object_component_ref idref="oc-19e"/>
      </symbol>
      <symbol id="sm-511">
         <name>CPUcpsie</name>
         <value>0x186f</value>
         <object_component_ref idref="oc-2a4"/>
      </symbol>
      <symbol id="sm-512">
         <name>__TI_static_base__</name>
         <value>0x0</value>
      </symbol>
      <symbol id="sm-515">
         <name>SHT$$INIT_ARRAY$$Limit</name>
         <value>0x0</value>
      </symbol>
      <symbol id="sm-516">
         <name>SHT$$INIT_ARRAY$$Base</name>
         <value>0x0</value>
      </symbol>
   </symbol_table>
   <title>Link successful</title>
</link_info>
