******************************************************************************
                  TI ARM Linker PC v5.2.5                      
******************************************************************************
>> Linked Thu Aug 24 10:47:21 2017

OUTPUT FILE NAME:   <2017_renesas_car.out>
ENTRY POINT SYMBOL: "_c_int00"  address: 00001075


MEMORY CONFIGURATION

         name            origin    length      used     unused   attr    fill
----------------------  --------  ---------  --------  --------  ----  --------
  FLASH                 00000000   00040000  000016fa  0003e906  R  X
  SRAM                  20000000   00008000  00000274  00007d8c  RW X


SEGMENT ALLOCATION MAP

run origin  load origin   length   init length attrs members
----------  ----------- ---------- ----------- ----- -------
00000000    00000000    00001700   00001700    r-x
  00000000    00000000    0000026c   0000026c    r-- .intvecs
  0000026c    0000026c    00001284   00001284    r-x .text
  000014f0    000014f0    0000019a   0000019a    r-- .const
  00001690    00001690    00000070   00000070    r-- .cinit
20000000    20000000    00000274   00000000    rw-
  20000000    20000000    00000200   00000000    rw- .stack
  20000200    20000200    00000074   00000000    rw- .data


SECTION ALLOCATION MAP

 output                                  attributes/
section   page    origin      length       input sections
--------  ----  ----------  ----------   ----------------
.intvecs   0    00000000    0000026c     
                  00000000    0000026c     tm4c123gh6pm_startup_ccs.obj (.intvecs)

.text      0    0000026c    00001284     
                  0000026c    0000049c     uartstdio.obj (.text)
                  00000708    00000288     Quadrature_Encoder.obj (.text)
                  00000990    00000154     Motor.obj (.text)
                  00000ae4    00000132     driverlib.lib : gpio.obj (.text:GPIOPadConfigSet)
                  00000c16    00000002     rtsv7M4_T_le_v4SPD16_eabi.lib : i_div0.obj (.text)
                  00000c18    00000110     driverlib.lib : sysctl.obj (.text:SysCtlClockGet)
                  00000d28    000000f4                   : sysctl.obj (.text:SysCtlClockSet)
                  00000e1c    0000009c     rtsv7M4_T_le_v4SPD16_eabi.lib : memcpy_t2.obj (.text)
                  00000eb8    0000007a                                   : memset_t2.obj (.text)
                  00000f32    00000002     --HOLE-- [fill = 0]
                  00000f34    0000006c                                   : autoinit.obj (.text)
                  00000fa0    0000006a                                   : copy_decompress_rle.obj (.text)
                  0000100a    00000002     --HOLE-- [fill = 0]
                  0000100c    00000068     driverlib.lib : interrupt.obj (.text:IntEnable)
                  00001074    00000050     rtsv7M4_T_le_v4SPD16_eabi.lib : boot.obj (.text)
                  000010c4    0000004c                                   : cpy_tbl.obj (.text)
                  00001110    00000048     driverlib.lib : gpio.obj (.text:GPIOPinConfigure)
                  00001158    00000046                   : uart.obj (.text:UARTConfigSetExpClk)
                  0000119e    00000002     --HOLE-- [fill = 0]
                  000011a0    00000044     rtsv7M4_T_le_v4SPD16_eabi.lib : exit.obj (.text)
                  000011e4    00000040                                   : u_divt2.obj (.text)
                  00001224    00000038     driverlib.lib : sysctl.obj (.text:SysCtlPeripheralPresent)
                  0000125c    00000038                   : sysctl.obj (.text:SysCtlPeripheralReady)
                  00001294    00000034                   : sysctl.obj (.text:SysCtlPeripheralEnable)
                  000012c8    0000002a                   : gpio.obj (.text:GPIODirModeSet)
                  000012f2    00000002     --HOLE-- [fill = 0]
                  000012f4    00000024     main.obj (.text)
                  00001318    00000022     driverlib.lib : pwm.obj (.text:PWMGenConfigure)
                  0000133a    00000002     --HOLE-- [fill = 0]
                  0000133c    00000020                   : uart.obj (.text:UARTDisable)
                  0000135c    0000001e                   : pwm.obj (.text:PWMPulseWidthSet)
                  0000137a    00000002     --HOLE-- [fill = 0]
                  0000137c    00000018     rtsv7M4_T_le_v4SPD16_eabi.lib : args_main.obj (.text)
                  00001394    00000014     driverlib.lib : sysctl.obj (.text:SysCtlPWMClockSet)
                  000013a8    00000014                   : uart.obj (.text:UARTEnable)
                  000013bc    00000014     rtsv7M4_T_le_v4SPD16_eabi.lib : _lock.obj (.text)
                  000013d0    00000012     driverlib.lib : gpio.obj (.text:GPIOPinTypePWM)
                  000013e2    00000012                   : gpio.obj (.text:GPIOPinTypeQEI)
                  000013f4    00000012                   : gpio.obj (.text:GPIOPinTypeUART)
                  00001406    00000012                   : pwm.obj (.text:PWMOutputState)
                  00001418    00000010                   : pwm.obj (.text:PWMGenPeriodSet)
                  00001428    00000010                   : qei.obj (.text:QEIVelocityConfigure)
                  00001438    0000000e                   : qei.obj (.text:QEIConfigure)
                  00001446    0000000e                   : qei.obj (.text:QEIDirectionGet)
                  00001454    0000000e     rtsv7M4_T_le_v4SPD16_eabi.lib : copy_decompress_none.obj (.text:decompress:none)
                  00001462    0000000c     driverlib.lib : pwm.obj (.text:PWMGenEnable)
                  0000146e    0000000c                   : qei.obj (.text:QEIFilterConfigure)
                  0000147a    0000000c     tm4c123gh6pm_startup_ccs.obj (.text)
                  00001486    0000000a     driverlib.lib : qei.obj (.text:QEIEnable)
                  00001490    0000000a                   : qei.obj (.text:QEIFilterEnable)
                  0000149a    0000000a                   : qei.obj (.text:QEIIntStatus)
                  000014a4    0000000a                   : qei.obj (.text:QEIVelocityEnable)
                  000014ae    0000000a                   : uart.obj (.text:UARTCharGet)
                  000014b8    0000000a                   : uart.obj (.text:UARTCharPut)
                  000014c2    00000008                   : qei.obj (.text:QEIIntEnable)
                  000014ca    00000008                   : uart.obj (.text:UARTIntEnable)
                  000014d2    00000006                   : sysctl.obj (.text:SysCtlDelay)
                  000014d8    00000006                   : uart.obj (.text:UARTClockSourceSet)
                  000014de    00000006     rtsv7M4_T_le_v4SPD16_eabi.lib : copy_decompress_rle.obj (.text:decompress:rle24)
                  000014e4    00000004     driverlib.lib : qei.obj (.text:QEIIntClear)
                  000014e8    00000004                   : qei.obj (.text:QEIVelocityGet)
                  000014ec    00000004     rtsv7M4_T_le_v4SPD16_eabi.lib : pre_init.obj (.text)

.const     0    000014f0    0000019a     
                  000014f0    00000090     driverlib.lib : gpio.obj (.const:g_pui32GPIOBaseAddrs)
                  00001580    00000070                   : interrupt.obj (.const)
                  000015f0    0000006c                   : sysctl.obj (.const:g_pui32Xtals)
                  0000165c    0000001c     uartstdio.obj (.const)
                  00001678    00000012     uartstdio.obj (.const:.string)

.cinit     0    00001690    00000070     
                  00001690    0000005e     (.cinit..data.load) [load image, compression = rle]
                  000016ee    00000002     --HOLE-- [fill = 0]
                  000016f0    00000008     (__TI_handler_table)
                  000016f8    00000008     (__TI_cinit_table)

.init_array 
*          0    00000000    00000000     UNINITIALIZED

.stack     0    20000000    00000200     UNINITIALIZED
                  20000000    00000200     --HOLE--

.data      0    20000200    00000074     UNINITIALIZED
                  20000200    00000058     Quadrature_Encoder.obj (.data:qei_data_array)
                  20000258    00000008     rtsv7M4_T_le_v4SPD16_eabi.lib : _lock.obj (.data)
                  20000260    00000008                                   : exit.obj (.data)
                  20000268    00000005     uartstdio.obj (.data)
                  2000026d    00000003     --HOLE--
                  20000270    00000004     rtsv7M4_T_le_v4SPD16_eabi.lib : stkdepth_vars.obj (.data)

.TI.persistent 
*          0    20000200    00000000     UNINITIALIZED


LINKER GENERATED COPY TABLES

__TI_cinit_table @ 000016f8 records: 1, size/record: 8, table size: 8
	.data: load addr=00001690, load size=0000005e bytes, run addr=20000200, run size=00000074 bytes, compression=rle


LINKER GENERATED HANDLER TABLE

__TI_handler_table @ 000016f0 records: 2, size/record: 4, table size: 8
	index: 0, handler: __TI_decompress_rle24
	index: 1, handler: __TI_decompress_none


GLOBAL SYMBOLS: SORTED ALPHABETICALLY BY Name 

address   name                    
-------   ----                    
000011a1  C$$EXIT                 
000008d7  ConfigureUART0          
000012c9  GPIODirModeSet          
00000ae5  GPIOPadConfigSet        
00001111  GPIOPinConfigure        
000013d1  GPIOPinTypePWM          
000013e3  GPIOPinTypeQEI          
000013f5  GPIOPinTypeUART         
0000100d  IntEnable               
000007d9  Motor_Init_QEI          
00000709  Motor_Init_QEI2         
00000991  Motor_PWM_Init          
00000a29  Motor_Set_Throttle      
00001319  PWMGenConfigure         
00001463  PWMGenEnable            
00001419  PWMGenPeriodSet         
00001407  PWMOutputState          
0000135d  PWMPulseWidthSet        
000008c3  QEI0_IRQHandler         
000008cd  QEI1_IRQHandler         
00001439  QEIConfigure            
00001447  QEIDirectionGet         
00001487  QEIEnable               
0000146f  QEIFilterConfigure      
00001491  QEIFilterEnable         
000014e5  QEIIntClear             
000014c3  QEIIntEnable            
0000149b  QEIIntStatus            
00001429  QEIVelocityConfigure    
000014a5  QEIVelocityEnable       
000014e9  QEIVelocityGet          
00000813  QEI_IRQHandler          
0000147b  ResetISR                
UNDEFED   SHT$$INIT_ARRAY$$Base   
UNDEFED   SHT$$INIT_ARRAY$$Limit  
00000c19  SysCtlClockGet          
00000d29  SysCtlClockSet          
000014d3  SysCtlDelay             
00001395  SysCtlPWMClockSet       
00001295  SysCtlPeripheralEnable  
00001225  SysCtlPeripheralPresent 
0000125d  SysCtlPeripheralReady   
000014af  UARTCharGet             
000014b9  UARTCharPut             
000014d9  UARTClockSourceSet      
00001159  UARTConfigSetExpClk     
0000133d  UARTDisable             
000013a9  UARTEnable              
000014cb  UARTIntEnable           
0000026d  UARTStdioConfig         
000003b3  UARTgetc                
000002f9  UARTgets                
000006d3  UARTprintf              
000003d9  UARTvprintf             
000002b3  UARTwrite               
20000200  __STACK_END             
00000200  __STACK_SIZE            
20000200  __STACK_TOP             
000016f8  __TI_CINIT_Base         
00001700  __TI_CINIT_Limit        
000016f0  __TI_Handler_Table_Base 
000016f8  __TI_Handler_Table_Limit
00000f35  __TI_auto_init          
20000260  __TI_cleanup_ptr        
00001455  __TI_decompress_none    
000014df  __TI_decompress_rle24   
20000264  __TI_dtors_ptr          
00000000  __TI_static_base__      
00000c17  __aeabi_idiv0           
00000eb9  __aeabi_memclr          
00000eb9  __aeabi_memclr4         
00000eb9  __aeabi_memclr8         
00000e1d  __aeabi_memcpy          
00000e1d  __aeabi_memcpy4         
00000e1d  __aeabi_memcpy8         
00000ebb  __aeabi_memset          
00000ebb  __aeabi_memset4         
00000ebb  __aeabi_memset8         
000011e5  __aeabi_uidiv           
000011e5  __aeabi_uidivmod        
ffffffff  __binit__               
ffffffff  __c_args__              
20000000  __stack                 
0000137d  _args_main              
00001075  _c_int00                
20000258  _lock                   
000013cb  _nop                    
000013c3  _register_lock          
000013bd  _register_unlock        
000014ed  _system_pre_init        
2000025c  _unlock                 
000011a5  abort                   
ffffffff  binit                   
000010c5  copy_in                 
000011ad  exit                    
00000000  g_pfnVectors            
000012f5  main                    
20000270  main_func_sp            
00000e1d  memcpy                  
00000ec1  memset                  
20000200  qei_data_array          


GLOBAL SYMBOLS: SORTED BY Symbol Address 

address   name                    
-------   ----                    
00000000  __TI_static_base__      
00000000  g_pfnVectors            
00000200  __STACK_SIZE            
0000026d  UARTStdioConfig         
000002b3  UARTwrite               
000002f9  UARTgets                
000003b3  UARTgetc                
000003d9  UARTvprintf             
000006d3  UARTprintf              
00000709  Motor_Init_QEI2         
000007d9  Motor_Init_QEI          
00000813  QEI_IRQHandler          
000008c3  QEI0_IRQHandler         
000008cd  QEI1_IRQHandler         
000008d7  ConfigureUART0          
00000991  Motor_PWM_Init          
00000a29  Motor_Set_Throttle      
00000ae5  GPIOPadConfigSet        
00000c17  __aeabi_idiv0           
00000c19  SysCtlClockGet          
00000d29  SysCtlClockSet          
00000e1d  __aeabi_memcpy          
00000e1d  __aeabi_memcpy4         
00000e1d  __aeabi_memcpy8         
00000e1d  memcpy                  
00000eb9  __aeabi_memclr          
00000eb9  __aeabi_memclr4         
00000eb9  __aeabi_memclr8         
00000ebb  __aeabi_memset          
00000ebb  __aeabi_memset4         
00000ebb  __aeabi_memset8         
00000ec1  memset                  
00000f35  __TI_auto_init          
0000100d  IntEnable               
00001075  _c_int00                
000010c5  copy_in                 
00001111  GPIOPinConfigure        
00001159  UARTConfigSetExpClk     
000011a1  C$$EXIT                 
000011a5  abort                   
000011ad  exit                    
000011e5  __aeabi_uidiv           
000011e5  __aeabi_uidivmod        
00001225  SysCtlPeripheralPresent 
0000125d  SysCtlPeripheralReady   
00001295  SysCtlPeripheralEnable  
000012c9  GPIODirModeSet          
000012f5  main                    
00001319  PWMGenConfigure         
0000133d  UARTDisable             
0000135d  PWMPulseWidthSet        
0000137d  _args_main              
00001395  SysCtlPWMClockSet       
000013a9  UARTEnable              
000013bd  _register_unlock        
000013c3  _register_lock          
000013cb  _nop                    
000013d1  GPIOPinTypePWM          
000013e3  GPIOPinTypeQEI          
000013f5  GPIOPinTypeUART         
00001407  PWMOutputState          
00001419  PWMGenPeriodSet         
00001429  QEIVelocityConfigure    
00001439  QEIConfigure            
00001447  QEIDirectionGet         
00001455  __TI_decompress_none    
00001463  PWMGenEnable            
0000146f  QEIFilterConfigure      
0000147b  ResetISR                
00001487  QEIEnable               
00001491  QEIFilterEnable         
0000149b  QEIIntStatus            
000014a5  QEIVelocityEnable       
000014af  UARTCharGet             
000014b9  UARTCharPut             
000014c3  QEIIntEnable            
000014cb  UARTIntEnable           
000014d3  SysCtlDelay             
000014d9  UARTClockSourceSet      
000014df  __TI_decompress_rle24   
000014e5  QEIIntClear             
000014e9  QEIVelocityGet          
000014ed  _system_pre_init        
000016f0  __TI_Handler_Table_Base 
000016f8  __TI_CINIT_Base         
000016f8  __TI_Handler_Table_Limit
00001700  __TI_CINIT_Limit        
20000000  __stack                 
20000200  __STACK_END             
20000200  __STACK_TOP             
20000200  qei_data_array          
20000258  _lock                   
2000025c  _unlock                 
20000260  __TI_cleanup_ptr        
20000264  __TI_dtors_ptr          
20000270  main_func_sp            
ffffffff  __binit__               
ffffffff  __c_args__              
ffffffff  binit                   
UNDEFED   SHT$$INIT_ARRAY$$Base   
UNDEFED   SHT$$INIT_ARRAY$$Limit  

[101 symbols]
