******************************************************************************
                  TI ARM Linker PC v5.2.5                      
******************************************************************************
>> Linked Wed Aug 23 19:19:31 2017

OUTPUT FILE NAME:   <2017_renesas_car.out>
ENTRY POINT SYMBOL: "_c_int00"  address: 00001049


MEMORY CONFIGURATION

         name            origin    length      used     unused   attr    fill
----------------------  --------  ---------  --------  --------  ----  --------
  FLASH                 00000000   00040000  000016a6  0003e95a  R  X
  SRAM                  20000000   00008000  00000274  00007d8c  RW X


SEGMENT ALLOCATION MAP

run origin  load origin   length   init length attrs members
----------  ----------- ---------- ----------- ----- -------
00000000    00000000    000016a8   000016a8    r-x
  00000000    00000000    0000026c   0000026c    r-- .intvecs
  0000026c    0000026c    00001230   00001230    r-x .text
  0000149c    0000149c    0000019a   0000019a    r-- .const
  00001638    00001638    00000070   00000070    r-- .cinit
20000000    20000000    00000274   00000000    rw-
  20000000    20000000    00000200   00000000    rw- .stack
  20000200    20000200    00000074   00000000    rw- .data


SECTION ALLOCATION MAP

 output                                  attributes/
section   page    origin      length       input sections
--------  ----  ----------  ----------   ----------------
.intvecs   0    00000000    0000026c     
                  00000000    0000026c     tm4c123gh6pm_startup_ccs.obj (.intvecs)

.text      0    0000026c    00001230     
                  0000026c    0000049c     uartstdio.obj (.text)
                  00000708    00000250     Quadrature_Encoder.obj (.text)
                  00000958    00000160     Motor.obj (.text)
                  00000ab8    00000132     driverlib.lib : gpio.obj (.text:GPIOPadConfigSet)
                  00000bea    00000002     rtsv7M4_T_le_v4SPD16_eabi.lib : i_div0.obj (.text)
                  00000bec    00000110     driverlib.lib : sysctl.obj (.text:SysCtlClockGet)
                  00000cfc    000000f4                   : sysctl.obj (.text:SysCtlClockSet)
                  00000df0    0000009c     rtsv7M4_T_le_v4SPD16_eabi.lib : memcpy_t2.obj (.text)
                  00000e8c    0000007a                                   : memset_t2.obj (.text)
                  00000f06    00000002     --HOLE-- [fill = 0]
                  00000f08    0000006c                                   : autoinit.obj (.text)
                  00000f74    0000006a                                   : copy_decompress_rle.obj (.text)
                  00000fde    00000002     --HOLE-- [fill = 0]
                  00000fe0    00000068     driverlib.lib : interrupt.obj (.text:IntEnable)
                  00001048    00000050     rtsv7M4_T_le_v4SPD16_eabi.lib : boot.obj (.text)
                  00001098    0000004c                                   : cpy_tbl.obj (.text)
                  000010e4    00000048     driverlib.lib : gpio.obj (.text:GPIOPinConfigure)
                  0000112c    00000046                   : uart.obj (.text:UARTConfigSetExpClk)
                  00001172    00000002     --HOLE-- [fill = 0]
                  00001174    00000044     rtsv7M4_T_le_v4SPD16_eabi.lib : exit.obj (.text)
                  000011b8    00000040                                   : u_divt2.obj (.text)
                  000011f8    00000038     driverlib.lib : sysctl.obj (.text:SysCtlPeripheralPresent)
                  00001230    00000038                   : sysctl.obj (.text:SysCtlPeripheralReady)
                  00001268    00000034                   : sysctl.obj (.text:SysCtlPeripheralEnable)
                  0000129c    0000002a                   : gpio.obj (.text:GPIODirModeSet)
                  000012c6    00000002     --HOLE-- [fill = 0]
                  000012c8    00000024     main.obj (.text)
                  000012ec    00000022     driverlib.lib : pwm.obj (.text:PWMGenConfigure)
                  0000130e    00000002     --HOLE-- [fill = 0]
                  00001310    00000020                   : uart.obj (.text:UARTDisable)
                  00001330    0000001e                   : pwm.obj (.text:PWMPulseWidthSet)
                  0000134e    00000002     --HOLE-- [fill = 0]
                  00001350    00000018     rtsv7M4_T_le_v4SPD16_eabi.lib : args_main.obj (.text)
                  00001368    00000014     driverlib.lib : sysctl.obj (.text:SysCtlPWMClockSet)
                  0000137c    00000014                   : uart.obj (.text:UARTEnable)
                  00001390    00000014     rtsv7M4_T_le_v4SPD16_eabi.lib : _lock.obj (.text)
                  000013a4    00000012     driverlib.lib : gpio.obj (.text:GPIOPinTypePWM)
                  000013b6    00000012                   : gpio.obj (.text:GPIOPinTypeQEI)
                  000013c8    00000012                   : gpio.obj (.text:GPIOPinTypeUART)
                  000013da    00000012                   : pwm.obj (.text:PWMOutputState)
                  000013ec    00000010                   : pwm.obj (.text:PWMGenPeriodSet)
                  000013fc    00000010                   : qei.obj (.text:QEIVelocityConfigure)
                  0000140c    0000000e                   : qei.obj (.text:QEIConfigure)
                  0000141a    0000000e     rtsv7M4_T_le_v4SPD16_eabi.lib : copy_decompress_none.obj (.text:decompress:none)
                  00001428    0000000c     driverlib.lib : pwm.obj (.text:PWMGenEnable)
                  00001434    0000000c     tm4c123gh6pm_startup_ccs.obj (.text)
                  00001440    0000000a     driverlib.lib : qei.obj (.text:QEIEnable)
                  0000144a    0000000a                   : qei.obj (.text:QEIIntStatus)
                  00001454    0000000a                   : qei.obj (.text:QEIVelocityEnable)
                  0000145e    0000000a                   : uart.obj (.text:UARTCharGet)
                  00001468    0000000a                   : uart.obj (.text:UARTCharPut)
                  00001472    00000008                   : qei.obj (.text:QEIIntEnable)
                  0000147a    00000008                   : uart.obj (.text:UARTIntEnable)
                  00001482    00000006                   : sysctl.obj (.text:SysCtlDelay)
                  00001488    00000006                   : uart.obj (.text:UARTClockSourceSet)
                  0000148e    00000006     rtsv7M4_T_le_v4SPD16_eabi.lib : copy_decompress_rle.obj (.text:decompress:rle24)
                  00001494    00000004     driverlib.lib : qei.obj (.text:QEIIntClear)
                  00001498    00000004     rtsv7M4_T_le_v4SPD16_eabi.lib : pre_init.obj (.text)

.const     0    0000149c    0000019a     
                  0000149c    00000090     driverlib.lib : gpio.obj (.const:g_pui32GPIOBaseAddrs)
                  0000152c    00000070                   : interrupt.obj (.const)
                  0000159c    0000006c                   : sysctl.obj (.const:g_pui32Xtals)
                  00001608    0000001c     uartstdio.obj (.const)
                  00001624    00000012     uartstdio.obj (.const:.string)

.cinit     0    00001638    00000070     
                  00001638    0000005e     (.cinit..data.load) [load image, compression = rle]
                  00001696    00000002     --HOLE-- [fill = 0]
                  00001698    00000008     (__TI_handler_table)
                  000016a0    00000008     (__TI_cinit_table)

.init_array 
*          0    00000000    00000000     UNINITIALIZED

.stack     0    20000000    00000200     UNINITIALIZED
                  20000000    00000200     --HOLE--

.data      0    20000200    00000074     UNINITIALIZED
                  20000200    00000058     Quadrature_Encoder.obj (.data:qei_data_array)
                  20000258    00000008     rtsv7M4_T_le_v4SPD16_eabi.lib : _lock.obj (.data)
                  20000260    00000008                                   : exit.obj (.data)
                  20000268    00000005     uartstdio.obj (.data)
                  2000026d    00000003     --HOLE--
                  20000270    00000004     rtsv7M4_T_le_v4SPD16_eabi.lib : stkdepth_vars.obj (.data)

.TI.persistent 
*          0    20000200    00000000     UNINITIALIZED


LINKER GENERATED COPY TABLES

__TI_cinit_table @ 000016a0 records: 1, size/record: 8, table size: 8
	.data: load addr=00001638, load size=0000005e bytes, run addr=20000200, run size=00000074 bytes, compression=rle


LINKER GENERATED HANDLER TABLE

__TI_handler_table @ 00001698 records: 2, size/record: 4, table size: 8
	index: 0, handler: __TI_decompress_rle24
	index: 1, handler: __TI_decompress_none


GLOBAL SYMBOLS: SORTED ALPHABETICALLY BY Name 

address   name                    
-------   ----                    
00001175  C$$EXIT                 
00000895  ConfigureUART0          
0000129d  GPIODirModeSet          
00000ab9  GPIOPadConfigSet        
000010e5  GPIOPinConfigure        
000013a5  GPIOPinTypePWM          
000013b7  GPIOPinTypeQEI          
000013c9  GPIOPinTypeUART         
00000fe1  IntEnable               
000007c7  Motor_Init_QEI          
00000709  Motor_Init_QEI2         
00000959  Motor_PWM_Init          
000009f1  Motor_Set_Throttle      
000012ed  PWMGenConfigure         
00001429  PWMGenEnable            
000013ed  PWMGenPeriodSet         
000013db  PWMOutputState          
00001331  PWMPulseWidthSet        
00000881  QEI0_IRQHandler         
0000088b  QEI1_IRQHandler         
0000140d  QEIConfigure            
00001441  QEIEnable               
00001495  QEIIntClear             
00001473  QEIIntEnable            
0000144b  QEIIntStatus            
000013fd  QEIVelocityConfigure    
00001455  QEIVelocityEnable       
00000801  QEI_IRQHandler          
00001435  ResetISR                
UNDEFED   SHT$$INIT_ARRAY$$Base   
UNDEFED   SHT$$INIT_ARRAY$$Limit  
00000bed  SysCtlClockGet          
00000cfd  SysCtlClockSet          
00001483  SysCtlDelay             
00001369  SysCtlPWMClockSet       
00001269  SysCtlPeripheralEnable  
000011f9  SysCtlPeripheralPresent 
00001231  SysCtlPeripheralReady   
0000145f  UARTCharGet             
00001469  UARTCharPut             
00001489  UARTClockSourceSet      
0000112d  UARTConfigSetExpClk     
00001311  UARTDisable             
0000137d  UARTEnable              
0000147b  UARTIntEnable           
0000026d  UARTStdioConfig         
000003b3  UARTgetc                
000002f9  UARTgets                
000006d3  UARTprintf              
000003d9  UARTvprintf             
000002b3  UARTwrite               
20000200  __STACK_END             
00000200  __STACK_SIZE            
20000200  __STACK_TOP             
000016a0  __TI_CINIT_Base         
000016a8  __TI_CINIT_Limit        
00001698  __TI_Handler_Table_Base 
000016a0  __TI_Handler_Table_Limit
00000f09  __TI_auto_init          
20000260  __TI_cleanup_ptr        
0000141b  __TI_decompress_none    
0000148f  __TI_decompress_rle24   
20000264  __TI_dtors_ptr          
00000000  __TI_static_base__      
00000beb  __aeabi_idiv0           
00000e8d  __aeabi_memclr          
00000e8d  __aeabi_memclr4         
00000e8d  __aeabi_memclr8         
00000df1  __aeabi_memcpy          
00000df1  __aeabi_memcpy4         
00000df1  __aeabi_memcpy8         
00000e8f  __aeabi_memset          
00000e8f  __aeabi_memset4         
00000e8f  __aeabi_memset8         
000011b9  __aeabi_uidiv           
000011b9  __aeabi_uidivmod        
ffffffff  __binit__               
ffffffff  __c_args__              
20000000  __stack                 
00001351  _args_main              
00001049  _c_int00                
20000258  _lock                   
0000139f  _nop                    
00001397  _register_lock          
00001391  _register_unlock        
00001499  _system_pre_init        
2000025c  _unlock                 
00001179  abort                   
ffffffff  binit                   
00001099  copy_in                 
00001181  exit                    
00000000  g_pfnVectors            
000012c9  main                    
20000270  main_func_sp            
00000df1  memcpy                  
00000e95  memset                  
20000200  qei_data_array          


GLOBAL SYMBOLS: SORTED BY Symbol Address 

address   name                    
-------   ----                    
00000000  __TI_static_base__      
00000000  g_pfnVectors            
00000200  __STACK_SIZE            
0000026d  UARTStdioConfig         
000002b3  UARTwrite               
000002f9  UARTgets                
000003b3  UARTgetc                
000003d9  UARTvprintf             
000006d3  UARTprintf              
00000709  Motor_Init_QEI2         
000007c7  Motor_Init_QEI          
00000801  QEI_IRQHandler          
00000881  QEI0_IRQHandler         
0000088b  QEI1_IRQHandler         
00000895  ConfigureUART0          
00000959  Motor_PWM_Init          
000009f1  Motor_Set_Throttle      
00000ab9  GPIOPadConfigSet        
00000beb  __aeabi_idiv0           
00000bed  SysCtlClockGet          
00000cfd  SysCtlClockSet          
00000df1  __aeabi_memcpy          
00000df1  __aeabi_memcpy4         
00000df1  __aeabi_memcpy8         
00000df1  memcpy                  
00000e8d  __aeabi_memclr          
00000e8d  __aeabi_memclr4         
00000e8d  __aeabi_memclr8         
00000e8f  __aeabi_memset          
00000e8f  __aeabi_memset4         
00000e8f  __aeabi_memset8         
00000e95  memset                  
00000f09  __TI_auto_init          
00000fe1  IntEnable               
00001049  _c_int00                
00001099  copy_in                 
000010e5  GPIOPinConfigure        
0000112d  UARTConfigSetExpClk     
00001175  C$$EXIT                 
00001179  abort                   
00001181  exit                    
000011b9  __aeabi_uidiv           
000011b9  __aeabi_uidivmod        
000011f9  SysCtlPeripheralPresent 
00001231  SysCtlPeripheralReady   
00001269  SysCtlPeripheralEnable  
0000129d  GPIODirModeSet          
000012c9  main                    
000012ed  PWMGenConfigure         
00001311  UARTDisable             
00001331  PWMPulseWidthSet        
00001351  _args_main              
00001369  SysCtlPWMClockSet       
0000137d  UARTEnable              
00001391  _register_unlock        
00001397  _register_lock          
0000139f  _nop                    
000013a5  GPIOPinTypePWM          
000013b7  GPIOPinTypeQEI          
000013c9  GPIOPinTypeUART         
000013db  PWMOutputState          
000013ed  PWMGenPeriodSet         
000013fd  QEIVelocityConfigure    
0000140d  QEIConfigure            
0000141b  __TI_decompress_none    
00001429  PWMGenEnable            
00001435  ResetISR                
00001441  QEIEnable               
0000144b  QEIIntStatus            
00001455  QEIVelocityEnable       
0000145f  UARTCharGet             
00001469  UARTCharPut             
00001473  QEIIntEnable            
0000147b  UARTIntEnable           
00001483  SysCtlDelay             
00001489  UARTClockSourceSet      
0000148f  __TI_decompress_rle24   
00001495  QEIIntClear             
00001499  _system_pre_init        
00001698  __TI_Handler_Table_Base 
000016a0  __TI_CINIT_Base         
000016a0  __TI_Handler_Table_Limit
000016a8  __TI_CINIT_Limit        
20000000  __stack                 
20000200  __STACK_END             
20000200  __STACK_TOP             
20000200  qei_data_array          
20000258  _lock                   
2000025c  _unlock                 
20000260  __TI_cleanup_ptr        
20000264  __TI_dtors_ptr          
20000270  main_func_sp            
ffffffff  __binit__               
ffffffff  __c_args__              
ffffffff  binit                   
UNDEFED   SHT$$INIT_ARRAY$$Base   
UNDEFED   SHT$$INIT_ARRAY$$Limit  

[97 symbols]
