******************************************************************************
                  TI ARM Linker PC v5.2.5                      
******************************************************************************
>> Linked Thu Aug 24 09:47:41 2017

OUTPUT FILE NAME:   <2017_renesas_car.out>
ENTRY POINT SYMBOL: "_c_int00"  address: 0000105d


MEMORY CONFIGURATION

         name            origin    length      used     unused   attr    fill
----------------------  --------  ---------  --------  --------  ----  --------
  FLASH                 00000000   00040000  000016d0  0003e930  R  X
  SRAM                  20000000   00008000  00000274  00007d8c  RW X


SEGMENT ALLOCATION MAP

run origin  load origin   length   init length attrs members
----------  ----------- ---------- ----------- ----- -------
00000000    00000000    000016d8   000016d8    r-x
  00000000    00000000    0000026c   0000026c    r-- .intvecs
  0000026c    0000026c    0000125a   0000125a    r-x .text
  000014c8    000014c8    0000019a   0000019a    r-- .const
  00001668    00001668    00000070   00000070    r-- .cinit
20000000    20000000    00000274   00000000    rw-
  20000000    20000000    00000200   00000000    rw- .stack
  20000200    20000200    00000074   00000000    rw- .data


SECTION ALLOCATION MAP

 output                                  attributes/
section   page    origin      length       input sections
--------  ----  ----------  ----------   ----------------
.intvecs   0    00000000    0000026c     
                  00000000    0000026c     tm4c123gh6pm_startup_ccs.obj (.intvecs)

.text      0    0000026c    0000125a     
                  0000026c    0000049c     uartstdio.obj (.text)
                  00000708    00000264     Quadrature_Encoder.obj (.text)
                  0000096c    00000160     Motor.obj (.text)
                  00000acc    00000132     driverlib.lib : gpio.obj (.text:GPIOPadConfigSet)
                  00000bfe    00000002     rtsv7M4_T_le_v4SPD16_eabi.lib : i_div0.obj (.text)
                  00000c00    00000110     driverlib.lib : sysctl.obj (.text:SysCtlClockGet)
                  00000d10    000000f4                   : sysctl.obj (.text:SysCtlClockSet)
                  00000e04    0000009c     rtsv7M4_T_le_v4SPD16_eabi.lib : memcpy_t2.obj (.text)
                  00000ea0    0000007a                                   : memset_t2.obj (.text)
                  00000f1a    00000002     --HOLE-- [fill = 0]
                  00000f1c    0000006c                                   : autoinit.obj (.text)
                  00000f88    0000006a                                   : copy_decompress_rle.obj (.text)
                  00000ff2    00000002     --HOLE-- [fill = 0]
                  00000ff4    00000068     driverlib.lib : interrupt.obj (.text:IntEnable)
                  0000105c    00000050     rtsv7M4_T_le_v4SPD16_eabi.lib : boot.obj (.text)
                  000010ac    0000004c                                   : cpy_tbl.obj (.text)
                  000010f8    00000048     driverlib.lib : gpio.obj (.text:GPIOPinConfigure)
                  00001140    00000046                   : uart.obj (.text:UARTConfigSetExpClk)
                  00001186    00000002     --HOLE-- [fill = 0]
                  00001188    00000044     rtsv7M4_T_le_v4SPD16_eabi.lib : exit.obj (.text)
                  000011cc    00000040                                   : u_divt2.obj (.text)
                  0000120c    00000038     driverlib.lib : sysctl.obj (.text:SysCtlPeripheralPresent)
                  00001244    00000038                   : sysctl.obj (.text:SysCtlPeripheralReady)
                  0000127c    00000034                   : sysctl.obj (.text:SysCtlPeripheralEnable)
                  000012b0    0000002a                   : gpio.obj (.text:GPIODirModeSet)
                  000012da    00000002     --HOLE-- [fill = 0]
                  000012dc    00000024     main.obj (.text)
                  00001300    00000022     driverlib.lib : pwm.obj (.text:PWMGenConfigure)
                  00001322    00000002     --HOLE-- [fill = 0]
                  00001324    00000020                   : uart.obj (.text:UARTDisable)
                  00001344    0000001e                   : pwm.obj (.text:PWMPulseWidthSet)
                  00001362    00000002     --HOLE-- [fill = 0]
                  00001364    00000018     rtsv7M4_T_le_v4SPD16_eabi.lib : args_main.obj (.text)
                  0000137c    00000014     driverlib.lib : sysctl.obj (.text:SysCtlPWMClockSet)
                  00001390    00000014                   : uart.obj (.text:UARTEnable)
                  000013a4    00000014     rtsv7M4_T_le_v4SPD16_eabi.lib : _lock.obj (.text)
                  000013b8    00000012     driverlib.lib : gpio.obj (.text:GPIOPinTypePWM)
                  000013ca    00000012                   : gpio.obj (.text:GPIOPinTypeQEI)
                  000013dc    00000012                   : gpio.obj (.text:GPIOPinTypeUART)
                  000013ee    00000012                   : pwm.obj (.text:PWMOutputState)
                  00001400    00000010                   : pwm.obj (.text:PWMGenPeriodSet)
                  00001410    00000010                   : qei.obj (.text:QEIVelocityConfigure)
                  00001420    0000000e                   : qei.obj (.text:QEIConfigure)
                  0000142e    0000000e     rtsv7M4_T_le_v4SPD16_eabi.lib : copy_decompress_none.obj (.text:decompress:none)
                  0000143c    0000000c     driverlib.lib : pwm.obj (.text:PWMGenEnable)
                  00001448    0000000c                   : qei.obj (.text:QEIFilterConfigure)
                  00001454    0000000c     tm4c123gh6pm_startup_ccs.obj (.text)
                  00001460    0000000a     driverlib.lib : qei.obj (.text:QEIEnable)
                  0000146a    0000000a                   : qei.obj (.text:QEIFilterEnable)
                  00001474    0000000a                   : qei.obj (.text:QEIIntStatus)
                  0000147e    0000000a                   : qei.obj (.text:QEIVelocityEnable)
                  00001488    0000000a                   : uart.obj (.text:UARTCharGet)
                  00001492    0000000a                   : uart.obj (.text:UARTCharPut)
                  0000149c    00000008                   : qei.obj (.text:QEIIntEnable)
                  000014a4    00000008                   : uart.obj (.text:UARTIntEnable)
                  000014ac    00000006                   : sysctl.obj (.text:SysCtlDelay)
                  000014b2    00000006                   : uart.obj (.text:UARTClockSourceSet)
                  000014b8    00000006     rtsv7M4_T_le_v4SPD16_eabi.lib : copy_decompress_rle.obj (.text:decompress:rle24)
                  000014be    00000004     driverlib.lib : qei.obj (.text:QEIIntClear)
                  000014c2    00000004     rtsv7M4_T_le_v4SPD16_eabi.lib : pre_init.obj (.text)

.const     0    000014c8    0000019a     
                  000014c8    00000090     driverlib.lib : gpio.obj (.const:g_pui32GPIOBaseAddrs)
                  00001558    00000070                   : interrupt.obj (.const)
                  000015c8    0000006c                   : sysctl.obj (.const:g_pui32Xtals)
                  00001634    0000001c     uartstdio.obj (.const)
                  00001650    00000012     uartstdio.obj (.const:.string)

.cinit     0    00001668    00000070     
                  00001668    0000005e     (.cinit..data.load) [load image, compression = rle]
                  000016c6    00000002     --HOLE-- [fill = 0]
                  000016c8    00000008     (__TI_handler_table)
                  000016d0    00000008     (__TI_cinit_table)

.init_array 
*          0    00000000    00000000     UNINITIALIZED

.stack     0    20000000    00000200     UNINITIALIZED
                  20000000    00000200     --HOLE--

.data      0    20000200    00000074     UNINITIALIZED
                  20000200    00000058     Quadrature_Encoder.obj (.data:qei_data_array)
                  20000258    00000008     rtsv7M4_T_le_v4SPD16_eabi.lib : _lock.obj (.data)
                  20000260    00000008                                   : exit.obj (.data)
                  20000268    00000005     uartstdio.obj (.data)
                  2000026d    00000003     --HOLE--
                  20000270    00000004     rtsv7M4_T_le_v4SPD16_eabi.lib : stkdepth_vars.obj (.data)

.TI.persistent 
*          0    20000200    00000000     UNINITIALIZED


LINKER GENERATED COPY TABLES

__TI_cinit_table @ 000016d0 records: 1, size/record: 8, table size: 8
	.data: load addr=00001668, load size=0000005e bytes, run addr=20000200, run size=00000074 bytes, compression=rle


LINKER GENERATED HANDLER TABLE

__TI_handler_table @ 000016c8 records: 2, size/record: 4, table size: 8
	index: 0, handler: __TI_decompress_rle24
	index: 1, handler: __TI_decompress_none


GLOBAL SYMBOLS: SORTED ALPHABETICALLY BY Name 

address   name                    
-------   ----                    
00001189  C$$EXIT                 
000008a9  ConfigureUART0          
000012b1  GPIODirModeSet          
00000acd  GPIOPadConfigSet        
000010f9  GPIOPinConfigure        
000013b9  GPIOPinTypePWM          
000013cb  GPIOPinTypeQEI          
000013dd  GPIOPinTypeUART         
00000ff5  IntEnable               
000007db  Motor_Init_QEI          
00000709  Motor_Init_QEI2         
0000096d  Motor_PWM_Init          
00000a05  Motor_Set_Throttle      
00001301  PWMGenConfigure         
0000143d  PWMGenEnable            
00001401  PWMGenPeriodSet         
000013ef  PWMOutputState          
00001345  PWMPulseWidthSet        
00000895  QEI0_IRQHandler         
0000089f  QEI1_IRQHandler         
00001421  QEIConfigure            
00001461  QEIEnable               
00001449  QEIFilterConfigure      
0000146b  QEIFilterEnable         
000014bf  QEIIntClear             
0000149d  QEIIntEnable            
00001475  QEIIntStatus            
00001411  QEIVelocityConfigure    
0000147f  QEIVelocityEnable       
00000815  QEI_IRQHandler          
00001455  ResetISR                
UNDEFED   SHT$$INIT_ARRAY$$Base   
UNDEFED   SHT$$INIT_ARRAY$$Limit  
00000c01  SysCtlClockGet          
00000d11  SysCtlClockSet          
000014ad  SysCtlDelay             
0000137d  SysCtlPWMClockSet       
0000127d  SysCtlPeripheralEnable  
0000120d  SysCtlPeripheralPresent 
00001245  SysCtlPeripheralReady   
00001489  UARTCharGet             
00001493  UARTCharPut             
000014b3  UARTClockSourceSet      
00001141  UARTConfigSetExpClk     
00001325  UARTDisable             
00001391  UARTEnable              
000014a5  UARTIntEnable           
0000026d  UARTStdioConfig         
000003b3  UARTgetc                
000002f9  UARTgets                
000006d3  UARTprintf              
000003d9  UARTvprintf             
000002b3  UARTwrite               
20000200  __STACK_END             
00000200  __STACK_SIZE            
20000200  __STACK_TOP             
000016d0  __TI_CINIT_Base         
000016d8  __TI_CINIT_Limit        
000016c8  __TI_Handler_Table_Base 
000016d0  __TI_Handler_Table_Limit
00000f1d  __TI_auto_init          
20000260  __TI_cleanup_ptr        
0000142f  __TI_decompress_none    
000014b9  __TI_decompress_rle24   
20000264  __TI_dtors_ptr          
00000000  __TI_static_base__      
00000bff  __aeabi_idiv0           
00000ea1  __aeabi_memclr          
00000ea1  __aeabi_memclr4         
00000ea1  __aeabi_memclr8         
00000e05  __aeabi_memcpy          
00000e05  __aeabi_memcpy4         
00000e05  __aeabi_memcpy8         
00000ea3  __aeabi_memset          
00000ea3  __aeabi_memset4         
00000ea3  __aeabi_memset8         
000011cd  __aeabi_uidiv           
000011cd  __aeabi_uidivmod        
ffffffff  __binit__               
ffffffff  __c_args__              
20000000  __stack                 
00001365  _args_main              
0000105d  _c_int00                
20000258  _lock                   
000013b3  _nop                    
000013ab  _register_lock          
000013a5  _register_unlock        
000014c3  _system_pre_init        
2000025c  _unlock                 
0000118d  abort                   
ffffffff  binit                   
000010ad  copy_in                 
00001195  exit                    
00000000  g_pfnVectors            
000012dd  main                    
20000270  main_func_sp            
00000e05  memcpy                  
00000ea9  memset                  
20000200  qei_data_array          


GLOBAL SYMBOLS: SORTED BY Symbol Address 

address   name                    
-------   ----                    
00000000  __TI_static_base__      
00000000  g_pfnVectors            
00000200  __STACK_SIZE            
0000026d  UARTStdioConfig         
000002b3  UARTwrite               
000002f9  UARTgets                
000003b3  UARTgetc                
000003d9  UARTvprintf             
000006d3  UARTprintf              
00000709  Motor_Init_QEI2         
000007db  Motor_Init_QEI          
00000815  QEI_IRQHandler          
00000895  QEI0_IRQHandler         
0000089f  QEI1_IRQHandler         
000008a9  ConfigureUART0          
0000096d  Motor_PWM_Init          
00000a05  Motor_Set_Throttle      
00000acd  GPIOPadConfigSet        
00000bff  __aeabi_idiv0           
00000c01  SysCtlClockGet          
00000d11  SysCtlClockSet          
00000e05  __aeabi_memcpy          
00000e05  __aeabi_memcpy4         
00000e05  __aeabi_memcpy8         
00000e05  memcpy                  
00000ea1  __aeabi_memclr          
00000ea1  __aeabi_memclr4         
00000ea1  __aeabi_memclr8         
00000ea3  __aeabi_memset          
00000ea3  __aeabi_memset4         
00000ea3  __aeabi_memset8         
00000ea9  memset                  
00000f1d  __TI_auto_init          
00000ff5  IntEnable               
0000105d  _c_int00                
000010ad  copy_in                 
000010f9  GPIOPinConfigure        
00001141  UARTConfigSetExpClk     
00001189  C$$EXIT                 
0000118d  abort                   
00001195  exit                    
000011cd  __aeabi_uidiv           
000011cd  __aeabi_uidivmod        
0000120d  SysCtlPeripheralPresent 
00001245  SysCtlPeripheralReady   
0000127d  SysCtlPeripheralEnable  
000012b1  GPIODirModeSet          
000012dd  main                    
00001301  PWMGenConfigure         
00001325  UARTDisable             
00001345  PWMPulseWidthSet        
00001365  _args_main              
0000137d  SysCtlPWMClockSet       
00001391  UARTEnable              
000013a5  _register_unlock        
000013ab  _register_lock          
000013b3  _nop                    
000013b9  GPIOPinTypePWM          
000013cb  GPIOPinTypeQEI          
000013dd  GPIOPinTypeUART         
000013ef  PWMOutputState          
00001401  PWMGenPeriodSet         
00001411  QEIVelocityConfigure    
00001421  QEIConfigure            
0000142f  __TI_decompress_none    
0000143d  PWMGenEnable            
00001449  QEIFilterConfigure      
00001455  ResetISR                
00001461  QEIEnable               
0000146b  QEIFilterEnable         
00001475  QEIIntStatus            
0000147f  QEIVelocityEnable       
00001489  UARTCharGet             
00001493  UARTCharPut             
0000149d  QEIIntEnable            
000014a5  UARTIntEnable           
000014ad  SysCtlDelay             
000014b3  UARTClockSourceSet      
000014b9  __TI_decompress_rle24   
000014bf  QEIIntClear             
000014c3  _system_pre_init        
000016c8  __TI_Handler_Table_Base 
000016d0  __TI_CINIT_Base         
000016d0  __TI_Handler_Table_Limit
000016d8  __TI_CINIT_Limit        
20000000  __stack                 
20000200  __STACK_END             
20000200  __STACK_TOP             
20000200  qei_data_array          
20000258  _lock                   
2000025c  _unlock                 
20000260  __TI_cleanup_ptr        
20000264  __TI_dtors_ptr          
20000270  main_func_sp            
ffffffff  __binit__               
ffffffff  __c_args__              
ffffffff  binit                   
UNDEFED   SHT$$INIT_ARRAY$$Base   
UNDEFED   SHT$$INIT_ARRAY$$Limit  

[99 symbols]
