******************************************************************************
                  TI ARM Linker PC v5.2.5                      
******************************************************************************
>> Linked Fri Aug 25 13:30:36 2017

OUTPUT FILE NAME:   <2017_renesas_car.out>
ENTRY POINT SYMBOL: "_c_int00"  address: 000016b9


MEMORY CONFIGURATION

         name            origin    length      used     unused   attr    fill
----------------------  --------  ---------  --------  --------  ----  --------
  FLASH                 00000000   00040000  00001e38  0003e1c8  R  X
  SRAM                  20000000   00008000  000002f4  00007d0c  RW X


SEGMENT ALLOCATION MAP

run origin  load origin   length   init length attrs members
----------  ----------- ---------- ----------- ----- -------
00000000    00000000    00001e40   00001e40    r-x
  00000000    00000000    0000026c   0000026c    r-- .intvecs
  0000026c    0000026c    000019aa   000019aa    r-x .text
  00001c18    00001c18    0000019a   0000019a    r-- .const
  00001db8    00001db8    00000088   00000088    r-- .cinit
20000000    20000000    000002f4   00000000    rw-
  20000000    20000000    00000200   00000000    rw- .stack
  20000200    20000200    00000078   00000000    rw- .bss
  20000278    20000278    0000007c   00000000    rw- .data


SECTION ALLOCATION MAP

 output                                  attributes/
section   page    origin      length       input sections
--------  ----  ----------  ----------   ----------------
.intvecs   0    00000000    0000026c     
                  00000000    0000026c     tm4c123gh6pm_startup_ccs.obj (.intvecs)

.text      0    0000026c    000019aa     
                  0000026c    000005b0     PID.obj (.text)
                  0000081c    0000049c     uartstdio.obj (.text)
                  00000cb8    000002b0     Quadrature_Encoder.obj (.text)
                  00000f68    00000160     Motor.obj (.text)
                  000010c8    00000132     driverlib.lib : gpio.obj (.text:GPIOPadConfigSet)
                  000011fa    00000002     rtsv7M4_T_le_v4SPD16_eabi.lib : i_div0.obj (.text)
                  000011fc    00000110     driverlib.lib : sysctl.obj (.text:SysCtlClockGet)
                  0000130c    000000f4                   : sysctl.obj (.text:SysCtlClockSet)
                  00001400    0000009c     rtsv7M4_T_le_v4SPD16_eabi.lib : memcpy_t2.obj (.text)
                  0000149c    0000007a                                   : memset_t2.obj (.text)
                  00001516    00000002     --HOLE-- [fill = 0]
                  00001518    0000006c                                   : autoinit.obj (.text)
                  00001584    0000006a                                   : copy_decompress_rle.obj (.text)
                  000015ee    00000002     --HOLE-- [fill = 0]
                  000015f0    00000068     driverlib.lib : interrupt.obj (.text:IntEnable)
                  00001658    00000060                   : timer.obj (.text:TimerConfigure)
                  000016b8    00000050     rtsv7M4_T_le_v4SPD16_eabi.lib : boot.obj (.text)
                  00001708    0000004c                                   : cpy_tbl.obj (.text)
                  00001754    00000048     driverlib.lib : gpio.obj (.text:GPIOPinConfigure)
                  0000179c    00000048     Timer.obj (.text)
                  000017e4    00000046     driverlib.lib : uart.obj (.text:UARTConfigSetExpClk)
                  0000182a    00000002     --HOLE-- [fill = 0]
                  0000182c    00000044     rtsv7M4_T_le_v4SPD16_eabi.lib : exit.obj (.text)
                  00001870    00000040                                   : u_divt2.obj (.text)
                  000018b0    00000038     driverlib.lib : sysctl.obj (.text:SysCtlPeripheralPresent)
                  000018e8    00000038                   : sysctl.obj (.text:SysCtlPeripheralReady)
                  00001920    00000034                   : sysctl.obj (.text:SysCtlPeripheralEnable)
                  00001954    0000002a                   : gpio.obj (.text:GPIODirModeSet)
                  0000197e    00000002     --HOLE-- [fill = 0]
                  00001980    00000028     main.obj (.text)
                  000019a8    00000024     GPIO.obj (.text)
                  000019cc    00000022     driverlib.lib : pwm.obj (.text:PWMGenConfigure)
                  000019ee    00000002     --HOLE-- [fill = 0]
                  000019f0    00000020                   : uart.obj (.text:UARTDisable)
                  00001a10    0000001e                   : pwm.obj (.text:PWMPulseWidthSet)
                  00001a2e    00000018                   : gpio.obj (.text:GPIOPinTypeGPIOOutput)
                  00001a46    00000002     --HOLE-- [fill = 0]
                  00001a48    00000018     rtsv7M4_T_le_v4SPD16_eabi.lib : args_main.obj (.text)
                  00001a60    00000014     driverlib.lib : sysctl.obj (.text:SysCtlPWMClockSet)
                  00001a74    00000014                   : uart.obj (.text:UARTEnable)
                  00001a88    00000014     rtsv7M4_T_le_v4SPD16_eabi.lib : _lock.obj (.text)
                  00001a9c    00000012     driverlib.lib : gpio.obj (.text:GPIOPinTypePWM)
                  00001aae    00000012                   : gpio.obj (.text:GPIOPinTypeQEI)
                  00001ac0    00000012                   : gpio.obj (.text:GPIOPinTypeUART)
                  00001ad2    00000012                   : pwm.obj (.text:PWMOutputState)
                  00001ae4    00000012                   : timer.obj (.text:TimerLoadSet)
                  00001af6    00000010                   : interrupt.obj (.text:IntMasterEnable)
                  00001b06    00000010                   : pwm.obj (.text:PWMGenPeriodSet)
                  00001b16    00000010                   : qei.obj (.text:QEIVelocityConfigure)
                  00001b26    0000000e                   : qei.obj (.text:QEIConfigure)
                  00001b34    0000000e                   : qei.obj (.text:QEIDirectionGet)
                  00001b42    0000000e                   : timer.obj (.text:TimerEnable)
                  00001b50    0000000e     rtsv7M4_T_le_v4SPD16_eabi.lib : copy_decompress_none.obj (.text:decompress:none)
                  00001b5e    0000000c     driverlib.lib : cpu.obj (.text:CPUcpsie)
                  00001b6a    0000000c                   : pwm.obj (.text:PWMGenEnable)
                  00001b76    0000000c                   : qei.obj (.text:QEIFilterConfigure)
                  00001b82    0000000c     rtsv7M4_T_le_v4SPD16_eabi.lib : copy_zero_init.obj (.text:decompress:ZI)
                  00001b8e    0000000c     tm4c123gh6pm_startup_ccs.obj (.text)
                  00001b9a    0000000a     driverlib.lib : qei.obj (.text:QEIEnable)
                  00001ba4    0000000a                   : qei.obj (.text:QEIFilterEnable)
                  00001bae    0000000a                   : qei.obj (.text:QEIIntStatus)
                  00001bb8    0000000a                   : qei.obj (.text:QEIVelocityEnable)
                  00001bc2    0000000a                   : uart.obj (.text:UARTCharGet)
                  00001bcc    0000000a                   : uart.obj (.text:UARTCharPut)
                  00001bd6    00000008                   : qei.obj (.text:QEIIntEnable)
                  00001bde    00000008                   : timer.obj (.text:TimerIntEnable)
                  00001be6    00000008                   : uart.obj (.text:UARTIntEnable)
                  00001bee    00000006                   : gpio.obj (.text:GPIOPinWrite)
                  00001bf4    00000006                   : sysctl.obj (.text:SysCtlDelay)
                  00001bfa    00000006                   : uart.obj (.text:UARTClockSourceSet)
                  00001c00    00000006     rtsv7M4_T_le_v4SPD16_eabi.lib : copy_decompress_rle.obj (.text:decompress:rle24)
                  00001c06    00000004     driverlib.lib : qei.obj (.text:QEIIntClear)
                  00001c0a    00000004                   : qei.obj (.text:QEIVelocityGet)
                  00001c0e    00000004                   : timer.obj (.text:TimerIntClear)
                  00001c12    00000004     rtsv7M4_T_le_v4SPD16_eabi.lib : pre_init.obj (.text)

.const     0    00001c18    0000019a     
                  00001c18    00000090     driverlib.lib : gpio.obj (.const:g_pui32GPIOBaseAddrs)
                  00001ca8    00000070                   : interrupt.obj (.const)
                  00001d18    0000006c                   : sysctl.obj (.const:g_pui32Xtals)
                  00001d84    0000001c     uartstdio.obj (.const)
                  00001da0    00000012     uartstdio.obj (.const:.string)

.cinit     0    00001db8    00000088     
                  00001db8    0000005d     (.cinit..data.load) [load image, compression = rle]
                  00001e15    00000003     --HOLE-- [fill = 0]
                  00001e18    0000000c     (__TI_handler_table)
                  00001e24    00000004     --HOLE-- [fill = 0]
                  00001e28    00000008     (.cinit..bss.load) [load image, compression = zero_init]
                  00001e30    00000010     (__TI_cinit_table)

.init_array 
*          0    00000000    00000000     UNINITIALIZED

.stack     0    20000000    00000200     UNINITIALIZED
                  20000000    00000200     --HOLE--

.bss       0    20000200    00000078     UNINITIALIZED
                  20000200    0000001c     (.common:PID_Left_Motor)
                  2000021c    0000001c     (.common:PID_Left_Motor_Cfg)
                  20000238    0000001c     (.common:PID_Right_Motor)
                  20000254    0000001c     (.common:PID_Right_Motor_Cfg)
                  20000270    00000008     (.common:Dest_Motor_Vel)

.TI.noinit 
*          0    20000200    00000000     UNINITIALIZED

.data      0    20000278    0000007c     UNINITIALIZED
                  20000278    00000058     Quadrature_Encoder.obj (.data:qei_data_array)
                  200002d0    00000008     rtsv7M4_T_le_v4SPD16_eabi.lib : _lock.obj (.data)
                  200002d8    00000008                                   : exit.obj (.data)
                  200002e0    00000006     PID.obj (.data)
                  200002e6    00000002     --HOLE--
                  200002e8    00000005     uartstdio.obj (.data)
                  200002ed    00000003     --HOLE--
                  200002f0    00000004     rtsv7M4_T_le_v4SPD16_eabi.lib : stkdepth_vars.obj (.data)

.TI.persistent 
*          0    20000278    00000000     UNINITIALIZED


LINKER GENERATED COPY TABLES

__TI_cinit_table @ 00001e30 records: 2, size/record: 8, table size: 16
	.data: load addr=00001db8, load size=0000005d bytes, run addr=20000278, run size=0000007c bytes, compression=rle
	.bss: load addr=00001e28, load size=00000008 bytes, run addr=20000200, run size=00000078 bytes, compression=zero_init


LINKER GENERATED HANDLER TABLE

__TI_handler_table @ 00001e18 records: 3, size/record: 4, table size: 12
	index: 0, handler: __TI_decompress_rle24
	index: 1, handler: __TI_decompress_none
	index: 2, handler: __TI_zero_init


GLOBAL SYMBOLS: SORTED ALPHABETICALLY BY Name 

address   name                    
-------   ----                    
0000182d  C$$EXIT                 
00001b5f  CPUcpsie                
00000ea7  ConfigureUART0          
20000270  Dest_Motor_Vel          
00001955  GPIODirModeSet          
000010c9  GPIOPadConfigSet        
00001755  GPIOPinConfigure        
00001a2f  GPIOPinTypeGPIOOutput   
00001a9d  GPIOPinTypePWM          
00001aaf  GPIOPinTypeQEI          
00001ac1  GPIOPinTypeUART         
00001bef  GPIOPinWrite            
000019a9  GPIO_Init               
000015f1  IntEnable               
00001af7  IntMasterEnable         
00000d89  Motor_Init_QEI          
00000cb9  Motor_Init_QEI2         
00000351  Motor_PID               
00000f69  Motor_PWM_Init          
00001001  Motor_Set_Throttle      
0000026d  PID_Init                
20000200  PID_Left_Motor          
2000021c  PID_Left_Motor_Cfg      
20000238  PID_Right_Motor         
20000254  PID_Right_Motor_Cfg     
000019cd  PWMGenConfigure         
00001b6b  PWMGenEnable            
00001b07  PWMGenPeriodSet         
00001ad3  PWMOutputState          
00001a11  PWMPulseWidthSet        
00000e93  QEI0_IRQHandler         
00000e9d  QEI1_IRQHandler         
00001b27  QEIConfigure            
00001b35  QEIDirectionGet         
00001b9b  QEIEnable               
00001b77  QEIFilterConfigure      
00001ba5  QEIFilterEnable         
00001c07  QEIIntClear             
00001bd7  QEIIntEnable            
00001baf  QEIIntStatus            
00001b17  QEIVelocityConfigure    
00001bb9  QEIVelocityEnable       
00001c0b  QEIVelocityGet          
00000dc3  QEI_IRQHandler          
00001b8f  ResetISR                
UNDEFED   SHT$$INIT_ARRAY$$Base   
UNDEFED   SHT$$INIT_ARRAY$$Limit  
00000709  Set_Dest_Vel            
200002e4  Start_Left_PID          
200002e5  Start_Right_PID         
000011fd  SysCtlClockGet          
0000130d  SysCtlClockSet          
00001bf5  SysCtlDelay             
00001a61  SysCtlPWMClockSet       
00001921  SysCtlPeripheralEnable  
000018b1  SysCtlPeripheralPresent 
000018e9  SysCtlPeripheralReady   
0000179d  Timer0A_Init            
00000721  Timer0A_IntHandler      
00001659  TimerConfigure          
00001b43  TimerEnable             
00001c0f  TimerIntClear           
00001bdf  TimerIntEnable          
00001ae5  TimerLoadSet            
00001bc3  UARTCharGet             
00001bcd  UARTCharPut             
00001bfb  UARTClockSourceSet      
000017e5  UARTConfigSetExpClk     
000019f1  UARTDisable             
00001a75  UARTEnable              
00001be7  UARTIntEnable           
0000081d  UARTStdioConfig         
00000963  UARTgetc                
000008a9  UARTgets                
00000c83  UARTprintf              
00000989  UARTvprintf             
00000863  UARTwrite               
20000200  __STACK_END             
00000200  __STACK_SIZE            
20000200  __STACK_TOP             
00001e30  __TI_CINIT_Base         
00001e40  __TI_CINIT_Limit        
00001e18  __TI_Handler_Table_Base 
00001e24  __TI_Handler_Table_Limit
00001519  __TI_auto_init          
200002d8  __TI_cleanup_ptr        
00001b51  __TI_decompress_none    
00001c01  __TI_decompress_rle24   
200002dc  __TI_dtors_ptr          
00000000  __TI_static_base__      
00001b83  __TI_zero_init          
000011fb  __aeabi_idiv0           
0000149d  __aeabi_memclr          
0000149d  __aeabi_memclr4         
0000149d  __aeabi_memclr8         
00001401  __aeabi_memcpy          
00001401  __aeabi_memcpy4         
00001401  __aeabi_memcpy8         
0000149f  __aeabi_memset          
0000149f  __aeabi_memset4         
0000149f  __aeabi_memset8         
00001871  __aeabi_uidiv           
00001871  __aeabi_uidivmod        
ffffffff  __binit__               
ffffffff  __c_args__              
20000000  __stack                 
00001a49  _args_main              
000016b9  _c_int00                
200002d0  _lock                   
00001a97  _nop                    
00001a8f  _register_lock          
00001a89  _register_unlock        
00001c13  _system_pre_init        
200002d4  _unlock                 
00001831  abort                   
ffffffff  binit                   
00001709  copy_in                 
00001839  exit                    
00000000  g_pfnVectors            
00001981  main                    
200002f0  main_func_sp            
00001401  memcpy                  
000014a5  memset                  
20000278  qei_data_array          
200002e0  time_stamp              


GLOBAL SYMBOLS: SORTED BY Symbol Address 

address   name                    
-------   ----                    
00000000  __TI_static_base__      
00000000  g_pfnVectors            
00000200  __STACK_SIZE            
0000026d  PID_Init                
00000351  Motor_PID               
00000709  Set_Dest_Vel            
00000721  Timer0A_IntHandler      
0000081d  UARTStdioConfig         
00000863  UARTwrite               
000008a9  UARTgets                
00000963  UARTgetc                
00000989  UARTvprintf             
00000c83  UARTprintf              
00000cb9  Motor_Init_QEI2         
00000d89  Motor_Init_QEI          
00000dc3  QEI_IRQHandler          
00000e93  QEI0_IRQHandler         
00000e9d  QEI1_IRQHandler         
00000ea7  ConfigureUART0          
00000f69  Motor_PWM_Init          
00001001  Motor_Set_Throttle      
000010c9  GPIOPadConfigSet        
000011fb  __aeabi_idiv0           
000011fd  SysCtlClockGet          
0000130d  SysCtlClockSet          
00001401  __aeabi_memcpy          
00001401  __aeabi_memcpy4         
00001401  __aeabi_memcpy8         
00001401  memcpy                  
0000149d  __aeabi_memclr          
0000149d  __aeabi_memclr4         
0000149d  __aeabi_memclr8         
0000149f  __aeabi_memset          
0000149f  __aeabi_memset4         
0000149f  __aeabi_memset8         
000014a5  memset                  
00001519  __TI_auto_init          
000015f1  IntEnable               
00001659  TimerConfigure          
000016b9  _c_int00                
00001709  copy_in                 
00001755  GPIOPinConfigure        
0000179d  Timer0A_Init            
000017e5  UARTConfigSetExpClk     
0000182d  C$$EXIT                 
00001831  abort                   
00001839  exit                    
00001871  __aeabi_uidiv           
00001871  __aeabi_uidivmod        
000018b1  SysCtlPeripheralPresent 
000018e9  SysCtlPeripheralReady   
00001921  SysCtlPeripheralEnable  
00001955  GPIODirModeSet          
00001981  main                    
000019a9  GPIO_Init               
000019cd  PWMGenConfigure         
000019f1  UARTDisable             
00001a11  PWMPulseWidthSet        
00001a2f  GPIOPinTypeGPIOOutput   
00001a49  _args_main              
00001a61  SysCtlPWMClockSet       
00001a75  UARTEnable              
00001a89  _register_unlock        
00001a8f  _register_lock          
00001a97  _nop                    
00001a9d  GPIOPinTypePWM          
00001aaf  GPIOPinTypeQEI          
00001ac1  GPIOPinTypeUART         
00001ad3  PWMOutputState          
00001ae5  TimerLoadSet            
00001af7  IntMasterEnable         
00001b07  PWMGenPeriodSet         
00001b17  QEIVelocityConfigure    
00001b27  QEIConfigure            
00001b35  QEIDirectionGet         
00001b43  TimerEnable             
00001b51  __TI_decompress_none    
00001b5f  CPUcpsie                
00001b6b  PWMGenEnable            
00001b77  QEIFilterConfigure      
00001b83  __TI_zero_init          
00001b8f  ResetISR                
00001b9b  QEIEnable               
00001ba5  QEIFilterEnable         
00001baf  QEIIntStatus            
00001bb9  QEIVelocityEnable       
00001bc3  UARTCharGet             
00001bcd  UARTCharPut             
00001bd7  QEIIntEnable            
00001bdf  TimerIntEnable          
00001be7  UARTIntEnable           
00001bef  GPIOPinWrite            
00001bf5  SysCtlDelay             
00001bfb  UARTClockSourceSet      
00001c01  __TI_decompress_rle24   
00001c07  QEIIntClear             
00001c0b  QEIVelocityGet          
00001c0f  TimerIntClear           
00001c13  _system_pre_init        
00001e18  __TI_Handler_Table_Base 
00001e24  __TI_Handler_Table_Limit
00001e30  __TI_CINIT_Base         
00001e40  __TI_CINIT_Limit        
20000000  __stack                 
20000200  PID_Left_Motor          
20000200  __STACK_END             
20000200  __STACK_TOP             
2000021c  PID_Left_Motor_Cfg      
20000238  PID_Right_Motor         
20000254  PID_Right_Motor_Cfg     
20000270  Dest_Motor_Vel          
20000278  qei_data_array          
200002d0  _lock                   
200002d4  _unlock                 
200002d8  __TI_cleanup_ptr        
200002dc  __TI_dtors_ptr          
200002e0  time_stamp              
200002e4  Start_Left_PID          
200002e5  Start_Right_PID         
200002f0  main_func_sp            
ffffffff  __binit__               
ffffffff  __c_args__              
ffffffff  binit                   
UNDEFED   SHT$$INIT_ARRAY$$Base   
UNDEFED   SHT$$INIT_ARRAY$$Limit  

[125 symbols]
