******************************************************************************
                  TI ARM Linker PC v5.2.5                      
******************************************************************************
>> Linked Sat Aug 26 15:19:37 2017

OUTPUT FILE NAME:   <2017_renesas_car.out>
ENTRY POINT SYMBOL: "_c_int00"  address: 00001b01


MEMORY CONFIGURATION

         name            origin    length      used     unused   attr    fill
----------------------  --------  ---------  --------  --------  ----  --------
  FLASH                 00000000   00040000  0000230a  0003dcf6  R  X
  SRAM                  20000000   00008000  000002f4  00007d0c  RW X


SEGMENT ALLOCATION MAP

run origin  load origin   length   init length attrs members
----------  ----------- ---------- ----------- ----- -------
00000000    00000000    00002310   00002310    r-x
  00000000    00000000    0000026c   0000026c    r-- .intvecs
  0000026c    0000026c    00001de0   00001de0    r-x .text
  0000204c    0000204c    00000236   00000236    r-- .const
  00002288    00002288    00000088   00000088    r-- .cinit
20000000    20000000    000002f4   00000000    rw-
  20000000    20000000    00000200   00000000    rw- .stack
  20000200    20000200    0000007c   00000000    rw- .data
  2000027c    2000027c    00000078   00000000    rw- .bss


SECTION ALLOCATION MAP

 output                                  attributes/
section   page    origin      length       input sections
--------  ----  ----------  ----------   ----------------
.intvecs   0    00000000    0000026c     
                  00000000    0000026c     tm4c123gh6pm_startup_ccs.obj (.intvecs)

.text      0    0000026c    00001de0     
                  0000026c    00000750     PID.obj (.text)
                  000009bc    0000049c     uartstdio.obj (.text)
                  00000e58    00000320     Peripheral_Config.obj (.text)
                  00001178    00000238     Quadrature_Encoder.obj (.text)
                  000013b0    00000160     Motor.obj (.text)
                  00001510    00000132     driverlib.lib : gpio.obj (.text:GPIOPadConfigSet)
                  00001642    00000002     rtsv7M4_T_le_v4SPD16_eabi.lib : i_div0.obj (.text)
                  00001644    00000110     driverlib.lib : sysctl.obj (.text:SysCtlClockGet)
                  00001754    000000f4                   : sysctl.obj (.text:SysCtlClockSet)
                  00001848    0000009c     rtsv7M4_T_le_v4SPD16_eabi.lib : memcpy_t2.obj (.text)
                  000018e4    0000007a                                   : memset_t2.obj (.text)
                  0000195e    00000002     --HOLE-- [fill = 0]
                  00001960    0000006c                                   : autoinit.obj (.text)
                  000019cc    0000006a                                   : copy_decompress_rle.obj (.text)
                  00001a36    00000002     --HOLE-- [fill = 0]
                  00001a38    00000068     driverlib.lib : interrupt.obj (.text:IntEnable)
                  00001aa0    00000060                   : timer.obj (.text:TimerConfigure)
                  00001b00    00000050     rtsv7M4_T_le_v4SPD16_eabi.lib : boot.obj (.text)
                  00001b50    0000004c                                   : cpy_tbl.obj (.text)
                  00001b9c    00000048     driverlib.lib : gpio.obj (.text:GPIOPinConfigure)
                  00001be4    00000046                   : uart.obj (.text:UARTConfigSetExpClk)
                  00001c2a    00000002     --HOLE-- [fill = 0]
                  00001c2c    00000044     rtsv7M4_T_le_v4SPD16_eabi.lib : exit.obj (.text)
                  00001c70    00000040                                   : u_divt2.obj (.text)
                  00001cb0    00000038     driverlib.lib : sysctl.obj (.text:SysCtlPeripheralPresent)
                  00001ce8    00000038                   : sysctl.obj (.text:SysCtlPeripheralReady)
                  00001d20    00000034                   : sysctl.obj (.text:SysCtlPeripheralEnable)
                  00001d54    0000002a                   : gpio.obj (.text:GPIODirModeSet)
                  00001d7e    00000002     --HOLE-- [fill = 0]
                  00001d80    00000024                   : interrupt.obj (.text:IntPrioritySet)
                  00001da4    00000024     main.obj (.text)
                  00001dc8    00000022     driverlib.lib : pwm.obj (.text:PWMGenConfigure)
                  00001dea    00000002     --HOLE-- [fill = 0]
                  00001dec    00000020                   : uart.obj (.text:UARTDisable)
                  00001e0c    0000001e                   : pwm.obj (.text:PWMPulseWidthSet)
                  00001e2a    00000018                   : gpio.obj (.text:GPIOPinTypeGPIOOutput)
                  00001e42    00000002     --HOLE-- [fill = 0]
                  00001e44    00000018     rtsv7M4_T_le_v4SPD16_eabi.lib : args_main.obj (.text)
                  00001e5c    00000014     driverlib.lib : sysctl.obj (.text:SysCtlPWMClockSet)
                  00001e70    00000014                   : uart.obj (.text:UARTEnable)
                  00001e84    00000014     rtsv7M4_T_le_v4SPD16_eabi.lib : _lock.obj (.text)
                  00001e98    00000012     driverlib.lib : gpio.obj (.text:GPIOPinTypePWM)
                  00001eaa    00000012                   : gpio.obj (.text:GPIOPinTypeQEI)
                  00001ebc    00000012                   : gpio.obj (.text:GPIOPinTypeUART)
                  00001ece    00000012                   : pwm.obj (.text:PWMOutputState)
                  00001ee0    00000012                   : timer.obj (.text:TimerLoadSet)
                  00001ef2    00000010                   : interrupt.obj (.text:IntMasterEnable)
                  00001f02    00000010                   : pwm.obj (.text:PWMGenPeriodSet)
                  00001f12    00000010                   : qei.obj (.text:QEIVelocityConfigure)
                  00001f22    0000000e                   : qei.obj (.text:QEIConfigure)
                  00001f30    0000000e                   : qei.obj (.text:QEIDirectionGet)
                  00001f3e    0000000e                   : timer.obj (.text:TimerEnable)
                  00001f4c    0000000e                   : uart.obj (.text:UARTCharGetNonBlocking)
                  00001f5a    0000000e                   : uart.obj (.text:UARTCharsAvail)
                  00001f68    0000000e     rtsv7M4_T_le_v4SPD16_eabi.lib : copy_decompress_none.obj (.text:decompress:none)
                  00001f76    0000000c     driverlib.lib : cpu.obj (.text:CPUcpsie)
                  00001f82    0000000c                   : pwm.obj (.text:PWMGenEnable)
                  00001f8e    0000000c                   : qei.obj (.text:QEIFilterConfigure)
                  00001f9a    0000000c     rtsv7M4_T_le_v4SPD16_eabi.lib : copy_zero_init.obj (.text:decompress:ZI)
                  00001fa6    0000000c     tm4c123gh6pm_startup_ccs.obj (.text)
                  00001fb2    0000000a     driverlib.lib : qei.obj (.text:QEIEnable)
                  00001fbc    0000000a                   : qei.obj (.text:QEIFilterEnable)
                  00001fc6    0000000a                   : qei.obj (.text:QEIIntStatus)
                  00001fd0    0000000a                   : qei.obj (.text:QEIVelocityEnable)
                  00001fda    0000000a                   : timer.obj (.text:TimerIntStatus)
                  00001fe4    0000000a                   : uart.obj (.text:UARTCharGet)
                  00001fee    0000000a                   : uart.obj (.text:UARTCharPut)
                  00001ff8    0000000a                   : uart.obj (.text:UARTIntStatus)
                  00002002    00000008                   : qei.obj (.text:QEIIntEnable)
                  0000200a    00000008                   : timer.obj (.text:TimerIntEnable)
                  00002012    00000008                   : uart.obj (.text:UARTIntEnable)
                  0000201a    00000006                   : gpio.obj (.text:GPIOPinWrite)
                  00002020    00000006                   : sysctl.obj (.text:SysCtlDelay)
                  00002026    00000006                   : uart.obj (.text:UARTClockSourceSet)
                  0000202c    00000006                   : uart.obj (.text:UARTFIFOLevelSet)
                  00002032    00000006     rtsv7M4_T_le_v4SPD16_eabi.lib : copy_decompress_rle.obj (.text:decompress:rle24)
                  00002038    00000004     driverlib.lib : qei.obj (.text:QEIIntClear)
                  0000203c    00000004                   : qei.obj (.text:QEIVelocityGet)
                  00002040    00000004                   : timer.obj (.text:TimerIntClear)
                  00002044    00000004                   : uart.obj (.text:UARTIntClear)
                  00002048    00000004     rtsv7M4_T_le_v4SPD16_eabi.lib : pre_init.obj (.text)

.const     0    0000204c    00000236     
                  0000204c    0000009c     driverlib.lib : interrupt.obj (.const:g_pui32Regs)
                  000020e8    00000090                   : gpio.obj (.const:g_pui32GPIOBaseAddrs)
                  00002178    00000070                   : interrupt.obj (.const)
                  000021e8    0000006c                   : sysctl.obj (.const:g_pui32Xtals)
                  00002254    0000001c     uartstdio.obj (.const)
                  00002270    00000012     uartstdio.obj (.const:.string)

.cinit     0    00002288    00000088     
                  00002288    00000062     (.cinit..data.load) [load image, compression = rle]
                  000022ea    00000002     --HOLE-- [fill = 0]
                  000022ec    0000000c     (__TI_handler_table)
                  000022f8    00000008     (.cinit..bss.load) [load image, compression = zero_init]
                  00002300    00000010     (__TI_cinit_table)

.init_array 
*          0    00000000    00000000     UNINITIALIZED

.stack     0    20000000    00000200     UNINITIALIZED
                  20000000    00000200     --HOLE--

.data      0    20000200    0000007c     UNINITIALIZED
                  20000200    00000058     Quadrature_Encoder.obj (.data:qei_data_array)
                  20000258    00000008     rtsv7M4_T_le_v4SPD16_eabi.lib : _lock.obj (.data)
                  20000260    00000008                                   : exit.obj (.data)
                  20000268    00000006     PID.obj (.data)
                  2000026e    00000002     --HOLE--
                  20000270    00000005     uartstdio.obj (.data)
                  20000275    00000003     Peripheral_Config.obj (.data)
                  20000278    00000004     rtsv7M4_T_le_v4SPD16_eabi.lib : stkdepth_vars.obj (.data)

.bss       0    2000027c    00000078     UNINITIALIZED
                  2000027c    0000001c     (.common:PID_Left_Motor)
                  20000298    0000001c     (.common:PID_Left_Motor_Cfg)
                  200002b4    0000001c     (.common:PID_Right_Motor)
                  200002d0    0000001c     (.common:PID_Right_Motor_Cfg)
                  200002ec    00000008     (.common:Dest_Motor_Vel)

.TI.persistent 
*          0    20000200    00000000     UNINITIALIZED

.TI.noinit 
*          0    2000027c    00000000     UNINITIALIZED


LINKER GENERATED COPY TABLES

__TI_cinit_table @ 00002300 records: 2, size/record: 8, table size: 16
	.data: load addr=00002288, load size=00000062 bytes, run addr=20000200, run size=0000007c bytes, compression=rle
	.bss: load addr=000022f8, load size=00000008 bytes, run addr=2000027c, run size=00000078 bytes, compression=zero_init


LINKER GENERATED HANDLER TABLE

__TI_handler_table @ 000022ec records: 3, size/record: 4, table size: 12
	index: 0, handler: __TI_decompress_rle24
	index: 1, handler: __TI_decompress_none
	index: 2, handler: __TI_zero_init


GLOBAL SYMBOLS: SORTED ALPHABETICALLY BY Name 

address   name                    
-------   ----                    
00001c2d  C$$EXIT                 
00001f77  CPUcpsie                
00000eb3  ConfigureUART0          
00000f3b  ConfigureUART1          
00001025  ConfigureUART5          
200002ec  Dest_Motor_Vel          
00001d55  GPIODirModeSet          
00001511  GPIOPadConfigSet        
00001b9d  GPIOPinConfigure        
00001e2b  GPIOPinTypeGPIOOutput   
00001e99  GPIOPinTypePWM          
00001eab  GPIOPinTypeQEI          
00001ebd  GPIOPinTypeUART         
0000201b  GPIOPinWrite            
00000e59  GPIO_Init               
00001a39  IntEnable               
00001ef3  IntMasterEnable         
00001d81  IntPrioritySet          
00000875  Key_BACK                
00000817  Key_GO                  
000008dd  Key_LEFT                
0000094d  Key_LEFT_90             
0000090d  Key_RIGHT               
00000969  Key_RIGHT_90            
00000935  Key_STOP                
000007cf  Max                     
000007f3  Min                     
00001249  Motor_Init_QEI          
00001179  Motor_Init_QEI2         
00000351  Motor_PID               
000013b1  Motor_PWM_Init          
00001449  Motor_Set_Throttle      
00000709  PID_Clear               
0000026d  PID_Init                
2000027c  PID_Left_Motor          
20000298  PID_Left_Motor_Cfg      
200002b4  PID_Right_Motor         
200002d0  PID_Right_Motor_Cfg     
00001dc9  PWMGenConfigure         
00001f83  PWMGenEnable            
00001f03  PWMGenPeriodSet         
00001ecf  PWMOutputState          
00001e0d  PWMPulseWidthSet        
000010d1  Peripheral_Enable       
000010e9  Priority_Set            
00001353  QEI0_IRQHandler         
0000135d  QEI1_IRQHandler         
00001f23  QEIConfigure            
00001f31  QEIDirectionGet         
00001fb3  QEIEnable               
00001f8f  QEIFilterConfigure      
00001fbd  QEIFilterEnable         
00002039  QEIIntClear             
00002003  QEIIntEnable            
00001fc7  QEIIntStatus            
00001f13  QEIVelocityConfigure    
00001fd1  QEIVelocityEnable       
0000203d  QEIVelocityGet          
00001283  QEI_IRQHandler          
00001fa7  ResetISR                
UNDEFED   SHT$$INIT_ARRAY$$Base   
UNDEFED   SHT$$INIT_ARRAY$$Limit  
2000026c  Start_Left_PID          
2000026d  Start_Right_PID         
00001645  SysCtlClockGet          
00001755  SysCtlClockSet          
00002021  SysCtlDelay             
00001e5d  SysCtlPWMClockSet       
00001d21  SysCtlPeripheralEnable  
00001cb1  SysCtlPeripheralPresent 
00001ce9  SysCtlPeripheralReady   
00000e75  Timer0A_Init            
00000717  Timer0A_IntHandler      
00001aa1  TimerConfigure          
00001f3f  TimerEnable             
00002041  TimerIntClear           
0000200b  TimerIntEnable          
00001fdb  TimerIntStatus          
00001ee1  TimerLoadSet            
00000f13  UART0_IntHandler        
00000f8b  UART1_IntHandler        
00001073  UART5_IntHandler        
00001fe5  UARTCharGet             
00001f4d  UARTCharGetNonBlocking  
00001fef  UARTCharPut             
00001f5b  UARTCharsAvail          
00002027  UARTClockSourceSet      
00001be5  UARTConfigSetExpClk     
00001ded  UARTDisable             
00001e71  UARTEnable              
0000202d  UARTFIFOLevelSet        
00002045  UARTIntClear            
00002013  UARTIntEnable           
00001ff9  UARTIntStatus           
000009bd  UARTStdioConfig         
00000b03  UARTgetc                
00000a49  UARTgets                
00000e23  UARTprintf              
00000b29  UARTvprintf             
00000a03  UARTwrite               
20000200  __STACK_END             
00000200  __STACK_SIZE            
20000200  __STACK_TOP             
00002300  __TI_CINIT_Base         
00002310  __TI_CINIT_Limit        
000022ec  __TI_Handler_Table_Base 
000022f8  __TI_Handler_Table_Limit
00001961  __TI_auto_init          
20000260  __TI_cleanup_ptr        
00001f69  __TI_decompress_none    
00002033  __TI_decompress_rle24   
20000264  __TI_dtors_ptr          
00000000  __TI_static_base__      
00001f9b  __TI_zero_init          
00001643  __aeabi_idiv0           
000018e5  __aeabi_memclr          
000018e5  __aeabi_memclr4         
000018e5  __aeabi_memclr8         
00001849  __aeabi_memcpy          
00001849  __aeabi_memcpy4         
00001849  __aeabi_memcpy8         
000018e7  __aeabi_memset          
000018e7  __aeabi_memset4         
000018e7  __aeabi_memset8         
00001c71  __aeabi_uidiv           
00001c71  __aeabi_uidivmod        
ffffffff  __binit__               
ffffffff  __c_args__              
20000000  __stack                 
00001e45  _args_main              
00001b01  _c_int00                
20000258  _lock                   
00001e93  _nop                    
00001e8b  _register_lock          
00001e85  _register_unlock        
00002049  _system_pre_init        
2000025c  _unlock                 
00001c31  abort                   
ffffffff  binit                   
00001b51  copy_in                 
00001c39  exit                    
00000000  g_pfnVectors            
20000275  is_alarm                
00001da5  main                    
20000278  main_func_sp            
00001849  memcpy                  
000018ed  memset                  
20000200  qei_data_array          
20000268  time_stamp_0A           
20000276  uart1_rx                
20000277  uart5_rx                


GLOBAL SYMBOLS: SORTED BY Symbol Address 

address   name                    
-------   ----                    
00000000  __TI_static_base__      
00000000  g_pfnVectors            
00000200  __STACK_SIZE            
0000026d  PID_Init                
00000351  Motor_PID               
00000709  PID_Clear               
00000717  Timer0A_IntHandler      
000007cf  Max                     
000007f3  Min                     
00000817  Key_GO                  
00000875  Key_BACK                
000008dd  Key_LEFT                
0000090d  Key_RIGHT               
00000935  Key_STOP                
0000094d  Key_LEFT_90             
00000969  Key_RIGHT_90            
000009bd  UARTStdioConfig         
00000a03  UARTwrite               
00000a49  UARTgets                
00000b03  UARTgetc                
00000b29  UARTvprintf             
00000e23  UARTprintf              
00000e59  GPIO_Init               
00000e75  Timer0A_Init            
00000eb3  ConfigureUART0          
00000f13  UART0_IntHandler        
00000f3b  ConfigureUART1          
00000f8b  UART1_IntHandler        
00001025  ConfigureUART5          
00001073  UART5_IntHandler        
000010d1  Peripheral_Enable       
000010e9  Priority_Set            
00001179  Motor_Init_QEI2         
00001249  Motor_Init_QEI          
00001283  QEI_IRQHandler          
00001353  QEI0_IRQHandler         
0000135d  QEI1_IRQHandler         
000013b1  Motor_PWM_Init          
00001449  Motor_Set_Throttle      
00001511  GPIOPadConfigSet        
00001643  __aeabi_idiv0           
00001645  SysCtlClockGet          
00001755  SysCtlClockSet          
00001849  __aeabi_memcpy          
00001849  __aeabi_memcpy4         
00001849  __aeabi_memcpy8         
00001849  memcpy                  
000018e5  __aeabi_memclr          
000018e5  __aeabi_memclr4         
000018e5  __aeabi_memclr8         
000018e7  __aeabi_memset          
000018e7  __aeabi_memset4         
000018e7  __aeabi_memset8         
000018ed  memset                  
00001961  __TI_auto_init          
00001a39  IntEnable               
00001aa1  TimerConfigure          
00001b01  _c_int00                
00001b51  copy_in                 
00001b9d  GPIOPinConfigure        
00001be5  UARTConfigSetExpClk     
00001c2d  C$$EXIT                 
00001c31  abort                   
00001c39  exit                    
00001c71  __aeabi_uidiv           
00001c71  __aeabi_uidivmod        
00001cb1  SysCtlPeripheralPresent 
00001ce9  SysCtlPeripheralReady   
00001d21  SysCtlPeripheralEnable  
00001d55  GPIODirModeSet          
00001d81  IntPrioritySet          
00001da5  main                    
00001dc9  PWMGenConfigure         
00001ded  UARTDisable             
00001e0d  PWMPulseWidthSet        
00001e2b  GPIOPinTypeGPIOOutput   
00001e45  _args_main              
00001e5d  SysCtlPWMClockSet       
00001e71  UARTEnable              
00001e85  _register_unlock        
00001e8b  _register_lock          
00001e93  _nop                    
00001e99  GPIOPinTypePWM          
00001eab  GPIOPinTypeQEI          
00001ebd  GPIOPinTypeUART         
00001ecf  PWMOutputState          
00001ee1  TimerLoadSet            
00001ef3  IntMasterEnable         
00001f03  PWMGenPeriodSet         
00001f13  QEIVelocityConfigure    
00001f23  QEIConfigure            
00001f31  QEIDirectionGet         
00001f3f  TimerEnable             
00001f4d  UARTCharGetNonBlocking  
00001f5b  UARTCharsAvail          
00001f69  __TI_decompress_none    
00001f77  CPUcpsie                
00001f83  PWMGenEnable            
00001f8f  QEIFilterConfigure      
00001f9b  __TI_zero_init          
00001fa7  ResetISR                
00001fb3  QEIEnable               
00001fbd  QEIFilterEnable         
00001fc7  QEIIntStatus            
00001fd1  QEIVelocityEnable       
00001fdb  TimerIntStatus          
00001fe5  UARTCharGet             
00001fef  UARTCharPut             
00001ff9  UARTIntStatus           
00002003  QEIIntEnable            
0000200b  TimerIntEnable          
00002013  UARTIntEnable           
0000201b  GPIOPinWrite            
00002021  SysCtlDelay             
00002027  UARTClockSourceSet      
0000202d  UARTFIFOLevelSet        
00002033  __TI_decompress_rle24   
00002039  QEIIntClear             
0000203d  QEIVelocityGet          
00002041  TimerIntClear           
00002045  UARTIntClear            
00002049  _system_pre_init        
000022ec  __TI_Handler_Table_Base 
000022f8  __TI_Handler_Table_Limit
00002300  __TI_CINIT_Base         
00002310  __TI_CINIT_Limit        
20000000  __stack                 
20000200  __STACK_END             
20000200  __STACK_TOP             
20000200  qei_data_array          
20000258  _lock                   
2000025c  _unlock                 
20000260  __TI_cleanup_ptr        
20000264  __TI_dtors_ptr          
20000268  time_stamp_0A           
2000026c  Start_Left_PID          
2000026d  Start_Right_PID         
20000275  is_alarm                
20000276  uart1_rx                
20000277  uart5_rx                
20000278  main_func_sp            
2000027c  PID_Left_Motor          
20000298  PID_Left_Motor_Cfg      
200002b4  PID_Right_Motor         
200002d0  PID_Right_Motor_Cfg     
200002ec  Dest_Motor_Vel          
ffffffff  __binit__               
ffffffff  __c_args__              
ffffffff  binit                   
UNDEFED   SHT$$INIT_ARRAY$$Base   
UNDEFED   SHT$$INIT_ARRAY$$Limit  

[151 symbols]
